##### dev2: tasks {'DINOv2': {'near': 15, 'far': 15}, 'DINOv3@256': {'near': 15, 'far': 15}, 'DINOv3@224': {'near': 15, 'far': 15}}
streams, labels, batches, TINS and MCM scores are identical across encoders (checked)
== dev2 near, base = none: AUROC / FPR95; difference to DINOv2 (FPR95, then AUROC) [95% CI]
  v5         DINOv2       93.43 / 26.91
  v5         DINOv3@256   93.93 / 26.65 | dFPR95  -0.27 [ -0.67, +0.13] | dAUROC  +0.50 [ +0.39, +0.61]
  v5         DINOv3@224   93.84 / 27.14 | dFPR95  +0.23 [ -0.10, +0.57] | dAUROC  +0.41 [ +0.28, +0.55]
  two-sided  DINOv2       94.97 / 21.14
  two-sided  DINOv3@256   95.54 / 20.15 | dFPR95  -0.99 [ -1.41, -0.57] | dAUROC  +0.57 [ +0.45, +0.68]
  two-sided  DINOv3@224   95.49 / 20.48 | dFPR95  -0.65 [ -1.14, -0.17] | dAUROC  +0.52 [ +0.40, +0.64]
== dev2 near, base = TINS: AUROC / FPR95; difference to DINOv2 (FPR95, then AUROC) [95% CI]
  v5         DINOv2       93.27 / 27.43
  v5         DINOv3@256   93.75 / 27.42 | dFPR95  -0.00 [ -0.47, +0.46] | dAUROC  +0.48 [ +0.36, +0.60]
  v5         DINOv3@224   93.66 / 27.92 | dFPR95  +0.50 [ +0.09, +0.91] | dAUROC  +0.39 [ +0.25, +0.53]
  two-sided  DINOv2       94.93 / 21.31
  two-sided  DINOv3@256   95.49 / 20.39 | dFPR95  -0.92 [ -1.51, -0.33] | dAUROC  +0.56 [ +0.44, +0.67]
  two-sided  DINOv3@224   95.44 / 20.81 | dFPR95  -0.50 [ -0.93, -0.07] | dAUROC  +0.51 [ +0.39, +0.62]
== dev2 near, base = MCM: AUROC / FPR95; difference to DINOv2 (FPR95, then AUROC) [95% CI]
  v5         DINOv2       93.43 / 26.93
  v5         DINOv3@256   93.93 / 26.67 | dFPR95  -0.26 [ -0.67, +0.14] | dAUROC  +0.50 [ +0.38, +0.61]
  v5         DINOv3@224   93.84 / 27.17 | dFPR95  +0.23 [ -0.12, +0.58] | dAUROC  +0.41 [ +0.27, +0.54]
  two-sided  DINOv2       94.97 / 21.13
  two-sided  DINOv3@256   95.54 / 20.15 | dFPR95  -0.98 [ -1.40, -0.56] | dAUROC  +0.57 [ +0.45, +0.68]
  two-sided  DINOv3@224   95.49 / 20.50 | dFPR95  -0.63 [ -1.08, -0.18] | dAUROC  +0.52 [ +0.40, +0.63]
== dev2 far, base = none: AUROC / FPR95; difference to DINOv2 (FPR95, then AUROC) [95% CI]
  v5         DINOv2       96.79 / 16.35
  v5         DINOv3@256   97.20 / 14.39 | dFPR95  -1.96 [ -3.03, -0.89] | dAUROC  +0.41 [ +0.28, +0.54]
  v5         DINOv3@224   97.16 / 14.60 | dFPR95  -1.75 [ -2.72, -0.78] | dAUROC  +0.37 [ +0.23, +0.51]
  two-sided  DINOv2       96.80 / 16.72
  two-sided  DINOv3@256   97.33 / 13.63 | dFPR95  -3.09 [ -3.70, -2.47] | dAUROC  +0.53 [ +0.42, +0.63]
  two-sided  DINOv3@224   97.28 / 13.82 | dFPR95  -2.89 [ -3.41, -2.37] | dAUROC  +0.48 [ +0.36, +0.61]
== dev2 far, base = TINS: AUROC / FPR95; difference to DINOv2 (FPR95, then AUROC) [95% CI]
  v5         DINOv2       97.14 / 14.82
  v5         DINOv3@256   97.45 / 13.24 | dFPR95  -1.58 [ -2.36, -0.81] | dAUROC  +0.31 [ +0.19, +0.42]
  v5         DINOv3@224   97.41 / 13.35 | dFPR95  -1.47 [ -2.31, -0.64] | dAUROC  +0.27 [ +0.15, +0.39]
  two-sided  DINOv2       96.96 / 16.32
  two-sided  DINOv3@256   97.39 / 13.28 | dFPR95  -3.04 [ -3.66, -2.43] | dAUROC  +0.44 [ +0.34, +0.54]
  two-sided  DINOv3@224   97.36 / 13.65 | dFPR95  -2.67 [ -3.37, -1.98] | dAUROC  +0.40 [ +0.29, +0.51]
== dev2 far, base = MCM: AUROC / FPR95; difference to DINOv2 (FPR95, then AUROC) [95% CI]
  v5         DINOv2       96.81 / 16.26
  v5         DINOv3@256   97.22 / 14.33 | dFPR95  -1.92 [ -2.98, -0.87] | dAUROC  +0.41 [ +0.28, +0.53]
  v5         DINOv3@224   97.18 / 14.54 | dFPR95  -1.72 [ -2.74, -0.70] | dAUROC  +0.37 [ +0.23, +0.50]
  two-sided  DINOv2       96.81 / 16.67
  two-sided  DINOv3@256   97.34 / 13.58 | dFPR95  -3.09 [ -3.67, -2.51] | dAUROC  +0.53 [ +0.42, +0.63]
  two-sided  DINOv3@224   97.29 / 13.81 | dFPR95  -2.86 [ -3.34, -2.38] | dAUROC  +0.48 [ +0.36, +0.60]
== dev2: gain of the two-sided propagation over v5 within each encoder (FPR95 difference, standalone and x TINS)
  DINOv2      near none  -5.77 [ -6.33, -5.22]
  DINOv2      near TINS  -6.11 [ -6.66, -5.57]
  DINOv2      far  none  +0.37 [ -0.51, +1.24]
  DINOv2      far  TINS  +1.50 [ +0.95, +2.05]
  DINOv3@256  near none  -6.49 [ -7.09, -5.90]
  DINOv3@256  near TINS  -7.03 [ -7.63, -6.43]
  DINOv3@256  far  none  -0.76 [ -1.21, -0.31]
  DINOv3@256  far  TINS  +0.04 [ -0.48, +0.56]
  DINOv3@224  near none  -6.66 [ -7.03, -6.29]
  DINOv3@224  near TINS  -7.11 [ -7.50, -6.73]
  DINOv3@224  far  none  -0.78 [ -1.36, -0.19]
  DINOv3@224  far  TINS  +0.30 [ -0.27, +0.87]
== dev2: single views, standalone (AUROC / FPR95); the seed set of the two-sided method stays the joint one
  DINOv2      near v5         | B14  91.85 / 32.31 | L14  93.58 / 26.57
  DINOv2      near two-sided  | B14  94.17 / 24.36 | L14  95.03 / 20.91
  DINOv2      far  v5         | B14  96.13 / 19.26 | L14  96.29 / 18.71
  DINOv2      far  two-sided  | B14  96.34 / 18.77 | L14  96.50 / 17.61
  DINOv3@256  near v5         | D3B  90.50 / 38.57 | D3L  94.73 / 23.57
  DINOv3@256  near two-sided  | D3B  93.76 / 27.53 | D3L  96.04 / 18.05
  DINOv3@256  far  v5         | D3B  96.07 / 19.73 | D3L  97.02 / 14.47
  DINOv3@256  far  two-sided  | D3B  96.52 / 16.87 | D3L  97.24 / 13.41
  DINOv3@224  near v5         | D3Bs  90.30 / 39.13 | D3Ls  94.67 / 23.89
  DINOv3@224  near two-sided  | D3Bs  93.68 / 28.05 | D3Ls  96.01 / 18.28
  DINOv3@224  far  v5         | D3Bs  95.95 / 20.24 | D3Ls  97.01 / 14.93
  DINOv3@224  far  two-sided  | D3Bs  96.41 / 17.28 | D3Ls  97.24 / 13.72
== dev2: seed set S2 at the last batch (ID% in set / OOD% in set / purity%), per view
  DINOv2      near B14     6.9  87.8  78.1
  DINOv2      near L14     6.9  87.8  78.1
  DINOv2      far  B14     1.9  66.6  78.0
  DINOv2      far  L14     1.9  66.6  78.0
  DINOv3@256  near D3B     7.3  89.6  77.4
  DINOv3@256  near D3L     7.3  89.6  77.4
  DINOv3@256  far  D3B     1.9  70.8  78.9
  DINOv3@256  far  D3L     1.9  70.8  78.9
  DINOv3@224  near D3Bs    7.2  89.5  77.5
  DINOv3@224  near D3Ls    7.2  89.5  77.5
  DINOv3@224  far  D3Bs    2.0  71.9  78.1
  DINOv3@224  far  D3Ls    2.0  71.9  78.1
written /home/omote/reprise_p5_20261002/results/d3_summary_dev2.json
##### dev1: tasks {'DINOv2': {'near': 15, 'far': 15}, 'DINOv3@256': {'near': 15, 'far': 15}, 'DINOv3@224': {'near': 15, 'far': 15}}
streams, labels, batches, TINS and MCM scores are identical across encoders (checked)
== dev1 near, base = none: AUROC / FPR95; difference to DINOv2 (FPR95, then AUROC) [95% CI]
  v5         DINOv2       93.13 / 29.21
  v5         DINOv3@256   93.22 / 29.42 | dFPR95  +0.20 [ -0.90, +1.31] | dAUROC  +0.09 [ -0.11, +0.28]
  v5         DINOv3@224   93.13 / 29.72 | dFPR95  +0.50 [ -0.56, +1.56] | dAUROC  -0.00 [ -0.22, +0.21]
  two-sided  DINOv2       95.06 / 22.04
  two-sided  DINOv3@256   95.39 / 21.17 | dFPR95  -0.87 [ -1.36, -0.38] | dAUROC  +0.33 [ +0.18, +0.49]
  two-sided  DINOv3@224   95.34 / 21.32 | dFPR95  -0.72 [ -1.46, +0.01] | dAUROC  +0.28 [ +0.13, +0.43]
== dev1 near, base = TINS: AUROC / FPR95; difference to DINOv2 (FPR95, then AUROC) [95% CI]
  v5         DINOv2       93.05 / 29.65
  v5         DINOv3@256   93.11 / 29.99 | dFPR95  +0.34 [ -0.76, +1.43] | dAUROC  +0.06 [ -0.14, +0.26]
  v5         DINOv3@224   93.01 / 30.26 | dFPR95  +0.61 [ -0.44, +1.65] | dAUROC  -0.03 [ -0.25, +0.18]
  two-sided  DINOv2       95.05 / 22.11
  two-sided  DINOv3@256   95.37 / 21.33 | dFPR95  -0.78 [ -1.27, -0.28] | dAUROC  +0.32 [ +0.16, +0.48]
  two-sided  DINOv3@224   95.31 / 21.44 | dFPR95  -0.67 [ -1.40, +0.06] | dAUROC  +0.26 [ +0.11, +0.42]
== dev1 near, base = MCM: AUROC / FPR95; difference to DINOv2 (FPR95, then AUROC) [95% CI]
  v5         DINOv2       93.14 / 29.22
  v5         DINOv3@256   93.23 / 29.42 | dFPR95  +0.21 [ -0.90, +1.32] | dAUROC  +0.09 [ -0.11, +0.28]
  v5         DINOv3@224   93.13 / 29.74 | dFPR95  +0.52 [ -0.55, +1.59] | dAUROC  -0.01 [ -0.22, +0.21]
  two-sided  DINOv2       95.06 / 22.03
  two-sided  DINOv3@256   95.39 / 21.17 | dFPR95  -0.86 [ -1.37, -0.35] | dAUROC  +0.33 [ +0.18, +0.49]
  two-sided  DINOv3@224   95.34 / 21.30 | dFPR95  -0.73 [ -1.49, +0.03] | dAUROC  +0.28 [ +0.13, +0.43]
== dev1 far, base = none: AUROC / FPR95; difference to DINOv2 (FPR95, then AUROC) [95% CI]
  v5         DINOv2       96.82 / 16.03
  v5         DINOv3@256   97.26 / 13.99 | dFPR95  -2.03 [ -3.47, -0.60] | dAUROC  +0.44 [ +0.25, +0.63]
  v5         DINOv3@224   97.23 / 14.15 | dFPR95  -1.87 [ -3.53, -0.21] | dAUROC  +0.41 [ +0.22, +0.60]
  two-sided  DINOv2       96.87 / 16.10
  two-sided  DINOv3@256   97.37 / 13.96 | dFPR95  -2.13 [ -3.29, -0.98] | dAUROC  +0.50 [ +0.32, +0.69]
  two-sided  DINOv3@224   97.33 / 14.14 | dFPR95  -1.96 [ -3.22, -0.70] | dAUROC  +0.46 [ +0.27, +0.65]
== dev1 far, base = TINS: AUROC / FPR95; difference to DINOv2 (FPR95, then AUROC) [95% CI]
  v5         DINOv2       97.20 / 14.47
  v5         DINOv3@256   97.53 / 12.71 | dFPR95  -1.76 [ -2.82, -0.70] | dAUROC  +0.33 [ +0.17, +0.50]
  v5         DINOv3@224   97.51 / 12.94 | dFPR95  -1.54 [ -2.77, -0.30] | dAUROC  +0.31 [ +0.14, +0.48]
  two-sided  DINOv2       97.03 / 15.54
  two-sided  DINOv3@256   97.46 / 13.56 | dFPR95  -1.98 [ -3.21, -0.75] | dAUROC  +0.42 [ +0.25, +0.59]
  two-sided  DINOv3@224   97.42 / 13.70 | dFPR95  -1.83 [ -3.21, -0.46] | dAUROC  +0.38 [ +0.21, +0.55]
== dev1 far, base = MCM: AUROC / FPR95; difference to DINOv2 (FPR95, then AUROC) [95% CI]
  v5         DINOv2       96.84 / 15.95
  v5         DINOv3@256   97.27 / 13.94 | dFPR95  -2.02 [ -3.45, -0.58] | dAUROC  +0.43 [ +0.25, +0.62]
  v5         DINOv3@224   97.24 / 14.07 | dFPR95  -1.88 [ -3.51, -0.26] | dAUROC  +0.40 [ +0.22, +0.59]
  two-sided  DINOv2       96.88 / 16.07
  two-sided  DINOv3@256   97.38 / 13.95 | dFPR95  -2.13 [ -3.24, -1.01] | dAUROC  +0.50 [ +0.32, +0.69]
  two-sided  DINOv3@224   97.34 / 14.10 | dFPR95  -1.97 [ -3.26, -0.68] | dAUROC  +0.46 [ +0.27, +0.64]
== dev1: gain of the two-sided propagation over v5 within each encoder (FPR95 difference, standalone and x TINS)
  DINOv2      near none  -7.17 [ -7.46, -6.89]
  DINOv2      near TINS  -7.55 [ -7.80, -7.30]
  DINOv2      far  none  +0.07 [ -0.50, +0.64]
  DINOv2      far  TINS  +1.07 [ +0.70, +1.43]
  DINOv3@256  near none  -8.25 [ -8.77, -7.72]
  DINOv3@256  near TINS  -8.66 [ -9.14, -8.18]
  DINOv3@256  far  none  -0.03 [ -0.28, +0.23]
  DINOv3@256  far  TINS  +0.84 [ +0.25, +1.44]
  DINOv3@224  near none  -8.40 [ -8.74, -8.06]
  DINOv3@224  near TINS  -8.82 [ -9.10, -8.54]
  DINOv3@224  far  none  -0.02 [ -0.46, +0.43]
  DINOv3@224  far  TINS  +0.77 [ +0.22, +1.31]
== dev1: single views, standalone (AUROC / FPR95); the seed set of the two-sided method stays the joint one
  DINOv2      near v5         | B14  91.42 / 35.89 | L14  93.18 / 28.88
  DINOv2      near two-sided  | B14  94.16 / 26.45 | L14  95.07 / 21.66
  DINOv2      far  v5         | B14  96.18 / 19.76 | L14  96.27 / 18.20
  DINOv2      far  two-sided  | B14  96.42 / 18.61 | L14  96.55 / 17.00
  DINOv3@256  near v5         | D3B  89.89 / 41.02 | D3L  93.98 / 26.62
  DINOv3@256  near two-sided  | D3B  93.72 / 28.94 | D3L  95.79 / 19.52
  DINOv3@256  far  v5         | D3B  96.12 / 19.74 | D3L  97.07 / 14.01
  DINOv3@256  far  two-sided  | D3B  96.60 / 17.38 | D3L  97.25 / 13.52
  DINOv3@224  near v5         | D3Bs  89.76 / 41.53 | D3Ls  93.89 / 26.75
  DINOv3@224  near two-sided  | D3Bs  93.65 / 29.26 | D3Ls  95.72 / 19.66
  DINOv3@224  far  v5         | D3Bs  96.04 / 19.91 | D3Ls  97.06 / 14.54
  DINOv3@224  far  two-sided  | D3Bs  96.50 / 17.65 | D3Ls  97.25 / 13.83
== dev1: seed set S2 at the last batch (ID% in set / OOD% in set / purity%), per view
  DINOv2      near B14     6.0  85.3  79.8
  DINOv2      near L14     6.0  85.3  79.8
  DINOv2      far  B14     1.7  67.7  79.8
  DINOv2      far  L14     1.7  67.7  79.8
  DINOv3@256  near D3B     6.5  88.2  79.1
  DINOv3@256  near D3L     6.5  88.2  79.1
  DINOv3@256  far  D3B     1.9  71.7  79.0
  DINOv3@256  far  D3L     1.9  71.7  79.0
  DINOv3@224  near D3Bs    6.7  88.3  78.6
  DINOv3@224  near D3Ls    6.7  88.3  78.6
  DINOv3@224  far  D3Bs    2.0  71.8  78.0
  DINOv3@224  far  D3Ls    2.0  71.8  78.0
written /home/omote/reprise_p5_20261002/results/d3_summary_dev1.json
