##### u1w (unit: split); streams per set: {'S14': 45, 'B14': 45, 'L14': 45, 'G14': 45, 'D3B': 45, 'D3L': 45, 'DINO1': 45, 'MAE': 45, 'CLIP': 45, 'CLIPL': 45, 'SIG2L': 45, 'B14+L14': 45, 'S14+B14': 45, 'S14+CLIP': 45, 'B14+CLIP': 45, 'L14+CLIP': 45, 'L14+G14': 45, 'D3B+D3L': 45, 'L14+D3L': 45, 'CLIP+CLIPL': 45}
views      | static        | zeta          | memory        | REPRISE       | REPRISE x TINS | ext           | REPRISE-zeta FPR95        | REPRISE-static FPR95      | ext-REPRISE FPR95         | vs B14+L14 (REPRISE FPR95)
S14        | 75.27/79.45   | 84.12/52.08   | 86.11/49.07   | 87.55/46.42   | 87.36/47.09    | 88.35/43.87   | -5.65 [-6.81, -4.50]      | -33.03 [-34.84, -31.21]   | -2.55 [-2.86, -2.23]      | +20.15 [+18.67, +21.62]
B14        | 82.50/65.44   | 90.35/36.08   | 90.63/35.71   | 92.43/31.37   | 92.20/32.17    | 92.74/29.99   | -4.71 [-5.56, -3.86]      | -34.07 [-35.09, -33.05]   | -1.38 [-1.56, -1.20]      | +5.09 [+4.89, +5.29]
L14        | 85.69/53.91   | 92.39/29.10   | 91.16/33.80   | 93.86/26.40   | 93.68/26.88    | 93.85/26.08   | -2.69 [-3.79, -1.60]      | -27.50 [-28.84, -26.16]   | -0.33 [-0.40, -0.25]      | +0.13 [-0.01, +0.27]
G14        | 85.06/52.87   | 91.82/29.83   | 89.80/37.97   | 93.45/27.84   | 93.38/28.10    | 93.07/28.94   | -1.99 [-3.29, -0.70]      | -25.03 [-26.75, -23.31]   | +1.10 [+0.69, +1.52]      | +1.56 [+0.96, +2.17]
D3B        | 79.97/73.64   | 87.90/43.43   | 89.67/39.84   | 90.76/36.80   | 90.46/37.73    | 91.40/34.43   | -6.63 [-7.83, -5.43]      | -36.84 [-38.20, -35.48]   | -2.37 [-2.61, -2.12]      | +10.53 [+9.47, +11.58]
D3L        | 87.56/54.74   | 93.16/27.12   | 93.76/26.42   | 94.78/22.66   | 94.55/23.51    | 95.02/21.49   | -4.45 [-4.91, -4.00]      | -32.08 [-33.35, -30.81]   | -1.18 [-1.31, -1.04]      | -3.61 [-5.30, -1.92]
DINO1      | 73.19/79.41   | 82.46/51.19   | 84.34/51.66   | 86.02/47.92   | 85.95/48.12    | 86.71/46.20   | -3.28 [-4.29, -2.26]      | -31.50 [-34.02, -28.97]   | -1.72 [-1.84, -1.60]      | +21.64 [+19.51, +23.78]
MAE        | 49.81/95.17   | 51.04/93.58   | 49.20/95.07   | 50.49/94.14   | 54.78/90.12    | 50.66/94.12   | +0.56 [+0.35, +0.78]      | -1.03 [-1.44, -0.62]      | -0.02 [-0.12, +0.08]      | +67.87 [+66.85, +68.89]
CLIP       | 63.09/90.75   | 72.41/67.91   | 78.48/67.43   | 78.91/64.92   | 79.17/63.96    | 79.32/64.52   | -2.99 [-3.83, -2.14]      | -25.84 [-27.08, -24.59]   | -0.40 [-0.58, -0.23]      | +38.65 [+36.91, +40.38]
CLIPL      | 66.99/90.34   | 77.45/59.18   | 84.46/54.44   | 84.24/54.06   | 84.20/53.73    | 84.31/54.93   | -5.12 [-5.81, -4.42]      | -36.28 [-38.11, -34.44]   | +0.87 [+0.62, +1.11]      | +27.79 [+26.42, +29.15]
SIG2L      | 71.09/88.25   | 82.52/48.96   | 89.71/39.78   | 89.45/40.70   | 89.30/40.78    | 89.40/41.44   | -8.26 [-8.69, -7.84]      | -47.55 [-48.94, -46.15]   | +0.74 [+0.53, +0.95]      | +14.43 [+13.67, +15.19]
B14+L14    | 84.98/56.89   | 92.40/29.43   | 92.01/31.81   | 93.86/26.27   | 93.79/26.48    | 93.98/25.50   | -3.16 [-4.15, -2.16]      | -30.61 [-31.40, -29.83]   | -0.77 [-0.86, -0.69]      | +0.00 [+0.00, +0.00]
S14+B14    | 80.39/70.55   | 89.44/38.68   | 90.10/37.52   | 91.57/34.17   | 91.47/34.52    | 92.04/32.24   | -4.52 [-5.60, -3.43]      | -36.38 [-37.44, -35.32]   | -1.92 [-2.12, -1.73]      | +7.89 [+7.53, +8.25]
S14+CLIP   | 72.23/83.16   | 83.91/51.63   | 86.37/50.64   | 87.59/46.45   | 87.49/46.80    | 88.23/44.70   | -5.18 [-6.12, -4.24]      | -36.71 [-38.72, -34.70]   | -1.75 [-2.02, -1.48]      | +20.18 [+18.52, +21.83]
B14+CLIP   | 78.22/74.11   | 89.26/38.36   | 90.01/39.69   | 91.49/34.51   | 91.35/35.04    | 91.81/33.21   | -3.85 [-4.49, -3.21]      | -39.60 [-40.74, -38.46]   | -1.30 [-1.40, -1.20]      | +8.23 [+7.52, +8.95]
L14+CLIP   | 81.52/65.19   | 91.54/30.91   | 90.77/35.76   | 92.92/29.31   | 92.81/29.71    | 93.00/28.69   | -1.60 [-2.91, -0.30]      | -35.88 [-36.96, -34.80]   | -0.62 [-0.75, -0.50]      | +3.04 [+2.38, +3.69]
L14+G14    | 85.64/52.37   | 92.55/28.28   | 91.22/33.75   | 94.04/25.88   | 94.03/25.84    | 93.81/26.48   | -2.40 [-3.56, -1.23]      | -26.48 [-28.11, -24.86]   | +0.59 [+0.38, +0.81]      | -0.39 [-0.69, -0.10]
D3B+D3L    | 85.22/61.67   | 92.30/30.13   | 93.02/28.73   | 93.96/25.48   | 93.86/25.96    | 94.32/23.91   | -4.65 [-5.35, -3.94]      | -36.19 [-37.40, -34.99]   | -1.57 [-1.77, -1.38]      | -0.79 [-2.26, +0.67]
L14+D3L    | 87.77/51.09   | 94.01/24.38   | 93.91/25.67   | 95.23/20.83   | 95.16/21.10    | 95.34/20.24   | -3.55 [-4.23, -2.86]      | -30.26 [-31.61, -28.90]   | -0.60 [-0.78, -0.41]      | -5.44 [-6.67, -4.20]
CLIP+CLIPL | 65.46/90.31   | 77.13/61.09   | 83.76/57.73   | 83.63/55.81   | 83.70/55.35    | 83.77/56.26   | -5.28 [-5.71, -4.84]      | -34.50 [-35.86, -33.14]   | +0.45 [+0.14, +0.75]      | +29.54 [+28.17, +30.90]
H-B (L14+D3L minus B14+L14, REPRISE): standalone FPR95 -5.44 [-6.67, -4.20] AUROC +1.37 [+1.13, +1.61] x TINS FPR95 -5.38 [-6.60, -4.17] -> confirmed
##### u2w (unit: draw); streams per set: {'S14': 15, 'B14': 15, 'L14': 15, 'G14': 15, 'D3B': 15, 'D3L': 15, 'DINO1': 15, 'MAE': 15, 'CLIP': 15, 'CLIPL': 15, 'SIG2L': 15, 'B14+L14': 15, 'S14+B14': 15, 'S14+CLIP': 15, 'B14+CLIP': 15, 'L14+CLIP': 15, 'L14+G14': 15, 'D3B+D3L': 15, 'L14+D3L': 15, 'CLIP+CLIPL': 15}
views      | static        | zeta          | memory        | REPRISE       | REPRISE x TINS | ext           | REPRISE-zeta FPR95        | REPRISE-static FPR95      | ext-REPRISE FPR95         | vs B14+L14 (REPRISE FPR95)
S14        | 83.96/67.21   | 82.29/63.65   | 86.23/57.92   | 86.92/54.53   | 87.69/51.79    | 87.02/53.53   | -9.11 [-9.86, -8.37]      | -12.68 [-13.93, -11.43]   | -1.00 [-1.25, -0.76]      | +16.34 [+15.23, +17.44]
B14        | 88.42/53.81   | 87.37/52.77   | 89.01/51.44   | 90.27/44.94   | 90.67/43.22    | 90.20/44.70   | -7.83 [-8.90, -6.76]      | -8.86 [-9.37, -8.36]      | -0.24 [-0.38, -0.10]      | +6.75 [+5.84, +7.66]
L14        | 90.39/43.44   | 89.56/43.73   | 88.82/54.29   | 91.36/38.68   | 91.82/37.43    | 91.28/39.12   | -5.05 [-5.72, -4.37]      | -4.76 [-5.79, -3.73]      | +0.43 [+0.17, +0.70]      | +0.49 [-0.02, +0.99]
G14        | 89.95/44.19   | 88.56/46.37   | 85.33/66.06   | 89.93/43.58   | 90.70/40.81    | 90.39/42.62   | -2.79 [-3.93, -1.65]      | -0.61 [-2.56, +1.33]      | -0.96 [-1.69, -0.23]      | +5.38 [+3.65, +7.12]
D3B        | 86.22/61.88   | 84.15/60.88   | 88.69/52.23   | 88.76/50.44   | 89.27/48.24    | 88.94/49.22   | -10.44 [-11.75, -9.12]    | -11.44 [-12.33, -10.55]   | -1.22 [-1.55, -0.89]      | +12.25 [+11.40, +13.09]
D3L        | 90.77/44.42   | 90.12/43.44   | 91.57/40.60   | 92.54/34.76   | 92.81/34.26    | 92.51/34.85   | -8.68 [-9.55, -7.81]      | -9.66 [-11.17, -8.14]     | +0.09 [-0.28, +0.46]      | -3.43 [-4.57, -2.29]
DINO1      | 84.86/67.05   | 81.49/64.73   | 85.91/63.51   | 87.01/57.62   | 87.97/53.68    | 87.04/57.01   | -7.11 [-7.96, -6.26]      | -9.44 [-10.62, -8.26]     | -0.61 [-1.07, -0.15]      | +19.42 [+18.13, +20.71]
MAE        | 61.79/90.70   | 61.61/87.67   | 56.91/91.72   | 62.76/87.80   | 69.57/76.05    | 63.31/87.53   | +0.13 [-0.47, +0.73]      | -2.89 [-3.47, -2.32]      | -0.27 [-0.47, -0.08]      | +49.60 [+48.05, +51.16]
CLIP       | 74.47/88.29   | 73.08/72.37   | 83.57/63.27   | 82.35/63.53   | 84.09/57.84    | 81.79/65.35   | -8.84 [-9.26, -8.41]      | -24.77 [-25.43, -24.10]   | +1.82 [+1.33, +2.30]      | +25.33 [+23.66, +27.01]
CLIPL      | 80.37/80.28   | 77.50/69.18   | 86.56/56.75   | 85.64/57.50   | 86.88/52.49    | 84.82/61.42   | -11.68 [-12.79, -10.58]   | -22.78 [-24.48, -21.08]   | +3.92 [+3.12, +4.72]      | +19.31 [+16.80, +21.81]
SIG2L      | 86.51/66.07   | 81.83/61.06   | 91.12/42.46   | 90.19/45.63   | 90.95/42.24    | 89.42/49.68   | -15.43 [-16.48, -14.39]   | -20.44 [-21.11, -19.77]   | +4.06 [+3.56, +4.55]      | +7.43 [+6.22, +8.65]
B14+L14    | 90.24/46.05   | 89.93/44.15   | 90.06/47.69   | 91.81/38.20   | 92.07/37.26    | 91.74/38.25   | -5.96 [-6.75, -5.16]      | -7.86 [-9.40, -6.31]      | +0.06 [-0.32, +0.43]      | +0.00 [+0.00, +0.00]
S14+B14    | 87.57/58.18   | 87.13/53.65   | 89.25/49.68   | 90.15/45.76   | 90.44/44.53    | 90.18/45.18   | -7.89 [-8.80, -6.99]      | -12.42 [-13.33, -11.51]   | -0.57 [-0.95, -0.20]      | +7.56 [+6.67, +8.46]
S14+CLIP   | 82.88/72.43   | 82.95/61.30   | 87.68/51.92   | 88.03/50.17   | 88.49/48.12    | 87.84/50.51   | -11.14 [-11.97, -10.31]   | -22.26 [-23.81, -20.71]   | +0.35 [+0.02, +0.67]      | +11.97 [+10.62, +13.32]
B14+CLIP   | 86.28/63.78   | 86.75/52.25   | 89.57/47.03   | 90.31/43.17   | 90.60/41.77    | 90.06/43.85   | -9.08 [-9.93, -8.23]      | -20.61 [-22.54, -18.69]   | +0.68 [+0.18, +1.18]      | +4.98 [+4.04, +5.91]
L14+CLIP   | 88.25/55.50   | 89.00/44.07   | 89.95/46.39   | 91.47/37.61   | 91.73/36.54    | 91.22/38.83   | -6.46 [-7.15, -5.76]      | -17.89 [-18.86, -16.91]   | +1.22 [+0.45, +1.99]      | -0.58 [-1.78, +0.61]
L14+G14    | 90.44/42.46   | 89.72/42.89   | 88.10/55.66   | 91.25/38.77   | 91.66/37.43    | 91.31/38.57   | -4.12 [-4.75, -3.49]      | -3.69 [-4.77, -2.61]      | -0.21 [-0.53, +0.11]      | +0.58 [-0.24, +1.40]
D3B+D3L    | 89.77/50.21   | 89.23/47.21   | 91.47/41.73   | 92.00/38.29   | 92.20/37.62    | 92.06/37.63   | -8.92 [-9.52, -8.32]      | -11.92 [-12.53, -11.31]   | -0.66 [-0.91, -0.41]      | +0.09 [-1.47, +1.66]
L14+D3L    | 91.45/39.89   | 91.33/38.16   | 91.48/40.82   | 92.98/32.44   | 93.18/31.77    | 92.92/32.49   | -5.72 [-6.13, -5.30]      | -7.45 [-8.72, -6.18]      | +0.04 [-0.52, +0.61]      | -5.75 [-6.61, -4.90]
CLIP+CLIPL | 78.51/84.94   | 77.45/68.74   | 86.68/55.51   | 85.72/56.42   | 86.57/53.02    | 84.94/60.31   | -12.32 [-13.09, -11.55]   | -28.52 [-29.59, -27.45]   | +3.89 [+3.36, +4.41]      | +18.23 [+16.43, +20.02]
H-B (L14+D3L minus B14+L14, REPRISE): standalone FPR95 -5.75 [-6.61, -4.90] AUROC +1.17 [+1.10, +1.24] x TINS FPR95 -5.49 [-6.30, -4.68] -> confirmed
written /home/omote/reprise_p7_20261003/results/an_b.json
