##### u1std (unit: split); streams per set: {'S14': 45, 'D3B': 45, 'D3L': 45, 'DINO1': 45, 'MAE': 45, 'CLIP': 45, 'CLIPL': 45, 'SIG2L': 45, 'D3B+D3L': 45, 'CLIP+CLIPL': 45, 'S14+CLIP': 45}
views      | static        | zeta          | memory        | REPRISE       | REPRISE x TINS | ext           | REPRISE-zeta FPR95        | REPRISE-static FPR95      | ext-REPRISE FPR95         | vs B14+L14 (REPRISE FPR95)
S14        | 75.27/79.45   | 84.12/52.08   | 86.11/49.07   | 87.55/46.42   | 87.36/47.09    |               | -5.65 [-6.81, -4.50]      | -33.03 [-34.84, -31.21]   |                           | 
D3B        | 79.97/73.64   | 87.90/43.43   | 89.67/39.84   | 90.76/36.80   | 90.46/37.73    |               | -6.63 [-7.83, -5.43]      | -36.84 [-38.20, -35.48]   |                           | 
D3L        | 87.56/54.74   | 93.16/27.12   | 93.76/26.42   | 94.78/22.66   | 94.55/23.51    |               | -4.45 [-4.91, -4.00]      | -32.08 [-33.35, -30.81]   |                           | 
DINO1      | 73.19/79.41   | 82.46/51.19   | 84.34/51.66   | 86.02/47.92   | 85.95/48.12    |               | -3.28 [-4.29, -2.26]      | -31.50 [-34.02, -28.97]   |                           | 
MAE        | 49.81/95.17   | 51.04/93.58   | 49.20/95.07   | 50.49/94.14   | 54.78/90.12    |               | +0.56 [+0.35, +0.78]      | -1.03 [-1.44, -0.62]      |                           | 
CLIP       | 63.09/90.75   | 72.41/67.91   | 78.48/67.43   | 78.91/64.92   | 79.17/63.96    |               | -2.99 [-3.83, -2.14]      | -25.84 [-27.08, -24.59]   |                           | 
CLIPL      | 66.99/90.34   | 77.45/59.18   | 84.46/54.44   | 84.24/54.06   | 84.20/53.73    |               | -5.12 [-5.81, -4.42]      | -36.28 [-38.11, -34.44]   |                           | 
SIG2L      | 71.09/88.25   | 82.52/48.96   | 89.71/39.78   | 89.45/40.70   | 89.30/40.78    |               | -8.26 [-8.69, -7.84]      | -47.55 [-48.94, -46.15]   |                           | 
D3B+D3L    | 85.22/61.67   | 92.30/30.13   | 93.02/28.73   | 93.96/25.48   | 93.86/25.96    |               | -4.65 [-5.35, -3.94]      | -36.19 [-37.40, -34.99]   |                           | 
CLIP+CLIPL | 65.46/90.31   | 77.13/61.09   | 83.76/57.73   | 83.63/55.81   | 83.70/55.35    |               | -5.28 [-5.71, -4.84]      | -34.50 [-35.86, -33.14]   |                           | 
S14+CLIP   | 72.23/83.16   | 83.91/51.63   | 86.37/50.64   | 87.59/46.45   | 87.49/46.80    |               | -5.18 [-6.12, -4.24]      | -36.71 [-38.72, -34.70]   |                           | 
##### u2std (unit: draw); streams per set: {'S14': 15, 'D3B': 15, 'D3L': 14, 'DINO1': 15, 'MAE': 15, 'CLIP': 15, 'CLIPL': 15, 'SIG2L': 14, 'CLIP+CLIPL': 15, 'S14+CLIP': 15}
views      | static        | zeta          | memory        | REPRISE       | REPRISE x TINS | ext           | REPRISE-zeta FPR95        | REPRISE-static FPR95      | ext-REPRISE FPR95         | vs B14+L14 (REPRISE FPR95)
S14        | 83.96/67.21   | 82.29/63.65   | 86.23/57.92   | 86.92/54.53   | 87.69/51.79    |               | -9.11 [-9.86, -8.37]      | -12.68 [-13.93, -11.43]   |                           | 
D3B        | 86.22/61.88   | 84.15/60.88   | 88.69/52.23   | 88.76/50.44   | 89.27/48.24    |               | -10.44 [-11.75, -9.12]    | -11.44 [-12.33, -10.55]   |                           | 
D3L        | 90.77/44.42   | 90.13/43.39   | 91.57/40.59   | 92.55/34.78   | 92.82/34.21    |               | -8.61 [-9.32, -7.89]      | -9.64 [-11.14, -8.14]     |                           | 
DINO1      | 84.86/67.05   | 81.49/64.73   | 85.91/63.51   | 87.01/57.62   | 87.97/53.68    |               | -7.11 [-7.96, -6.26]      | -9.44 [-10.62, -8.26]     |                           | 
MAE        | 61.79/90.70   | 61.61/87.67   | 56.91/91.72   | 62.76/87.80   | 69.57/76.05    |               | +0.13 [-0.47, +0.73]      | -2.89 [-3.47, -2.32]      |                           | 
CLIP       | 74.47/88.29   | 73.08/72.37   | 83.57/63.27   | 82.35/63.53   | 84.09/57.84    |               | -8.84 [-9.26, -8.41]      | -24.77 [-25.43, -24.10]   |                           | 
CLIPL      | 80.37/80.28   | 77.50/69.18   | 86.56/56.75   | 85.64/57.50   | 86.88/52.49    |               | -11.68 [-12.79, -10.58]   | -22.78 [-24.48, -21.08]   |                           | 
SIG2L      | 86.51/66.07   | 81.82/61.07   | 91.08/42.56   | 90.16/45.63   | 90.95/42.16    |               | -15.44 [-16.51, -14.38]   | -20.45 [-21.12, -19.77]   |                           | 
CLIP+CLIPL | 78.51/84.94   | 77.45/68.74   | 86.68/55.51   | 85.72/56.42   | 86.57/53.02    |               | -12.32 [-13.09, -11.55]   | -28.52 [-29.59, -27.45]   |                           | 
S14+CLIP   | 82.88/72.43   | 82.95/61.30   | 87.68/51.92   | 88.03/50.17   | 88.49/48.12    |               | -11.14 [-11.97, -10.31]   | -22.26 [-23.81, -20.71]   |                           | 
written /home/omote/reprise_p7_20261003/results/an_b.json
