##### U1 (u1w, 45 streams, unit split): AUROC / FPR95
base      | s0 only       | x zeta        | x REPRISE     | x extension   | ext - REPRISE: AUROC              FPR95                     | ext - zeta FPR95
none      |               | 92.40 / 29.43 | 93.86 / 26.27 | 93.98 / 25.50 | +0.12 [+0.08, +0.15]   -0.77 [-0.86, -0.69]      | -3.93 [-4.93, -2.94]
MCM       | 69.83 / 83.28 | 92.44 / 29.40 | 93.87 / 26.25 | 93.98 / 25.50 | +0.12 [+0.08, +0.15]   -0.75 [-0.87, -0.64]      | -3.90 [-4.91, -2.89]
NegLabel  | 68.68 / 83.16 | 92.35 / 30.52 | 93.74 / 26.66 | 93.87 / 25.89 | +0.13 [+0.10, +0.17]   -0.77 [-0.82, -0.71]      | -4.63 [-5.58, -3.67]
AdaNeg    | 68.40 / 83.62 | 92.32 / 30.34 | 93.80 / 26.39 | 93.92 / 25.66 | +0.12 [+0.09, +0.16]   -0.73 [-0.85, -0.61]      | -4.68 [-5.64, -3.71]
TANL      | 69.82 / 74.88 | 92.55 / 29.73 | 93.88 / 26.02 | 94.01 / 25.33 | +0.13 [+0.09, +0.16]   -0.69 [-0.78, -0.59]      | -4.40 [-5.37, -3.44]
TINS      | 64.95 / 85.67 | 92.27 / 30.17 | 93.79 / 26.48 | 93.92 / 25.71 | +0.12 [+0.09, +0.16]   -0.77 [-0.86, -0.68]      | -4.47 [-5.37, -3.56]
  decomposition (standalone, difference to REPRISE): within_only: AUROC +0.06 [+0.05, +0.08], FPR95 -0.28 [-0.35, -0.22]; zero_only: AUROC +0.23 [+0.20, +0.25], FPR95 -1.02 [-1.21, -0.83]; hinge2_zero: AUROC +0.06 [+0.04, +0.09], FPR95 -0.55 [-0.65, -0.44]; hinge2_within: AUROC -0.12 [-0.16, -0.09], FPR95 +0.27 [+0.06, +0.48]; ext: AUROC +0.12 [+0.08, +0.15], FPR95 -0.77 [-0.86, -0.69]
##### U2 (u2w, 15 streams, unit draw): AUROC / FPR95
base      | s0 only       | x zeta        | x REPRISE     | x extension   | ext - REPRISE: AUROC              FPR95                     | ext - zeta FPR95
none      |               | 89.93 / 44.15 | 91.81 / 38.20 | 91.74 / 38.25 | -0.07 [-0.13, -0.00]   +0.06 [-0.32, +0.43]      | -5.90 [-6.58, -5.22]
MCM       | 80.78 / 75.19 | 90.02 / 44.02 | 91.83 / 38.15 | 91.76 / 38.21 | -0.06 [-0.13, -0.00]   +0.07 [-0.24, +0.38]      | -5.81 [-6.53, -5.09]
NegLabel  | 83.43 / 58.68 | 91.51 / 39.21 | 92.47 / 36.01 | 92.42 / 36.22 | -0.06 [-0.11, -0.00]   +0.20 [-0.10, +0.51]      | -2.99 [-3.69, -2.30]
AdaNeg    | 83.04 / 66.43 | 90.69 / 41.67 | 92.12 / 36.82 | 92.06 / 36.93 | -0.05 [-0.11, +0.00]   +0.12 [-0.28, +0.51]      | -4.74 [-5.30, -4.17]
TANL      | 88.11 / 50.88 | 92.23 / 35.19 | 92.90 / 33.90 | 92.86 / 34.03 | -0.05 [-0.10, +0.01]   +0.13 [-0.26, +0.52]      | -1.16 [-1.78, -0.54]
TINS      | 78.62 / 68.46 | 90.48 / 42.32 | 92.07 / 37.26 | 92.00 / 37.37 | -0.06 [-0.12, -0.00]   +0.11 [-0.25, +0.47]      | -4.95 [-5.62, -4.29]
  decomposition (standalone, difference to REPRISE): within_only: AUROC +0.04 [+0.03, +0.05], FPR95 -0.32 [-0.46, -0.18]; zero_only: AUROC +0.02 [+0.01, +0.04], FPR95 -0.06 [-0.33, +0.20]; hinge2_zero: AUROC -0.09 [-0.16, -0.03], FPR95 +0.22 [-0.00, +0.44]; hinge2_within: AUROC -0.10 [-0.15, -0.05], FPR95 +0.11 [-0.22, +0.43]; ext: AUROC -0.07 [-0.13, -0.00], FPR95 +0.06 [-0.32, +0.43]
largest |difference| of the s0 / zeta / REPRISE cells to Phase 4's baselines_summary.json: 0.0000
written /home/omote/reprise_p7_20261003/results/an_ext_bases.json
