== E1 composition (random order, batch 256): AUROC / FPR95 (standalone); differences in FPR95 [95% CI over splits]
    n_id        U        m | OOD%   n | static        | zeta          | mem           | plp           | static_plp    | reprise       | ext           | REPRISE-static             | REPRISE-zeta               | ext-REPRISE                | splits
    4500       10       10 |  2.17   4600 | 85.46/ 56.10 | 86.60/ 50.40 | 89.23/ 37.10 | 85.92/ 55.30 | 87.01/ 52.90 | 89.89/ 37.80 | 89.96/ 36.60 | -18.30 [-23.37, -13.23]    | -12.60 [-17.17, -8.03]     | -1.20 [-3.55, +1.15]       | 5
    4500       10       20 |  4.26   4700 | 82.98/ 64.15 | 89.28/ 39.45 | 92.04/ 28.00 | 87.93/ 45.50 | 88.38/ 49.60 | 93.15/ 29.45 | 93.38/ 28.30 | -34.70 [-42.30, -27.10]    | -10.00 [-15.03, -4.97]     | -1.15 [-2.12, -0.18]       | 5
    4500       10       50 | 10.00   5000 | 82.66/ 56.34 | 94.52/ 21.00 | 94.57/ 19.04 | 93.62/ 25.76 | 92.77/ 31.14 | 95.97/ 17.00 | 96.10/ 16.24 | -39.34 [-43.13, -35.55]    | -4.00 [-7.21, -0.79]       | -0.76 [-1.47, -0.05]       | 5
    4500       10      100 | 18.18   5500 | 85.05/ 54.90 | 96.57/ 13.44 | 97.00/ 11.73 | 95.94/ 16.74 | 95.33/ 20.96 | 97.70/  9.76 | 97.80/  9.18 | -45.14 [-53.94, -36.34]    | -3.68 [-5.69, -1.67]       | -0.58 [-0.92, -0.24]       | 5
    4500       10      200 | 30.77   6500 | 83.17/ 57.98 | 97.97/  7.79 | 97.56/  8.67 | 97.60/  9.46 | 96.55/ 15.36 | 98.40/  6.65 | 98.50/  6.03 | -51.33 [-62.38, -40.28]    | -1.15 [-1.96, -0.33]       | -0.62 [-1.26, +0.02]       | 5
    4500       30        5 |  3.23   4650 | 85.29/ 56.73 | 84.40/ 54.53 | 86.74/ 47.80 | 84.20/ 56.40 | 86.13/ 54.60 | 87.76/ 45.33 | 87.98/ 44.73 | -11.40 [-14.06, -8.74]     | -9.20 [-14.41, -3.99]      | -0.60 [-1.71, +0.51]       | 5
    4500       30       10 |  6.25   4800 | 85.18/ 57.57 | 86.97/ 48.63 | 90.11/ 34.80 | 86.11/ 53.40 | 87.21/ 52.33 | 90.61/ 36.87 | 90.70/ 36.73 | -20.70 [-23.87, -17.53]    | -11.77 [-13.35, -10.19]    | -0.13 [-1.65, +1.38]       | 5
    4500       30       20 | 11.76   5100 | 85.86/ 56.20 | 90.45/ 37.40 | 92.86/ 27.33 | 89.46/ 43.17 | 89.76/ 44.25 | 93.38/ 28.22 | 93.47/ 27.60 | -27.98 [-29.61, -26.36]    | -9.18 [-11.66, -6.71]      | -0.62 [-1.57, +0.34]       | 5
    4500       30       50 | 25.00   6000 | 84.73/ 57.82 | 94.40/ 22.13 | 94.49/ 19.88 | 93.47/ 26.54 | 92.72/ 32.46 | 95.92/ 17.53 | 96.04/ 16.79 | -40.29 [-44.03, -36.56]    | -4.60 [-6.22, -2.98]       | -0.73 [-1.29, -0.17]       | 5
    4500       30      100 | 40.00   7500 | 83.88/ 58.55 | 95.73/ 16.77 | 96.01/ 15.80 | 94.98/ 20.51 | 93.92/ 28.12 | 96.83/ 13.55 | 96.97/ 12.79 | -45.00 [-47.18, -42.82]    | -3.21 [-4.40, -2.03]       | -0.76 [-0.95, -0.57]       | 5
    4500       30      200 | 57.14  10500 | 84.99/ 56.35 | 97.17/ 11.02 | 97.06/ 12.38 | 96.76/ 12.97 | 95.70/ 21.07 | 97.83/  9.09 | 97.92/  8.61 | -47.27 [-53.47, -41.07]    | -1.94 [-2.36, -1.51]       | -0.48 [-0.68, -0.27]       | 5
    4500      100        1 |  2.17   4600 | 84.85/ 56.40 | 81.90/ 58.20 | 81.26/ 74.60 | 82.30/ 58.50 | 84.73/ 55.40 | 84.01/ 58.10 | 84.55/ 56.40 | +1.70 [-2.29, +5.69]       | -0.10 [-4.34, +4.14]       | -1.70 [-4.13, +0.73]       | 5
    4500      100        2 |  4.26   4700 | 84.86/ 57.45 | 82.23/ 59.10 | 83.04/ 66.65 | 82.55/ 59.20 | 84.82/ 56.45 | 84.81/ 56.80 | 84.98/ 54.60 | -0.65 [-2.88, +1.58]       | -2.30 [-4.21, -0.39]       | -2.20 [-4.18, -0.22]       | 5
    4500      100        5 | 10.00   5000 | 84.85/ 56.22 | 83.87/ 55.74 | 86.32/ 48.22 | 83.64/ 58.06 | 85.62/ 54.58 | 87.36/ 46.56 | 87.60/ 45.34 | -9.66 [-10.76, -8.56]      | -9.18 [-10.76, -7.60]      | -1.22 [-1.66, -0.78]       | 5
    4500      100       10 | 18.18   5500 | 84.99/ 56.85 | 86.56/ 48.88 | 89.14/ 39.08 | 85.75/ 53.43 | 86.94/ 52.95 | 89.90/ 39.33 | 90.08/ 38.44 | -17.52 [-18.52, -16.52]    | -9.55 [-10.91, -8.19]      | -0.89 [-1.65, -0.13]       | 5
    4500      100       20 | 30.77   6500 | 84.95/ 56.73 | 89.98/ 38.16 | 91.28/ 31.42 | 88.98/ 43.27 | 89.11/ 45.88 | 92.34/ 31.05 | 92.56/ 30.22 | -25.67 [-27.12, -24.22]    | -7.11 [-7.79, -6.42]       | -0.84 [-1.21, -0.46]       | 5
    4500      100       50 | 52.63   9500 | 84.94/ 55.80 | 93.47/ 26.83 | 93.87/ 23.91 | 92.60/ 31.11 | 91.75/ 36.91 | 94.92/ 21.97 | 95.10/ 21.04 | -33.83 [-35.85, -31.82]    | -4.86 [-5.45, -4.27]       | -0.93 [-1.02, -0.83]       | 5
    4500      100      100 | 68.97  14500 | 85.07/ 56.09 | 95.03/ 22.07 | 94.98/ 20.81 | 94.40/ 25.34 | 93.25/ 32.78 | 96.02/ 18.05 | 96.17/ 17.34 | -38.03 [-39.87, -36.19]    | -4.01 [-5.22, -2.81]       | -0.71 [-0.90, -0.52]       | 5
    4500      100      200 | 81.63  24500 | 85.03/ 56.48 | 96.07/ 18.27 | 95.71/ 19.04 | 95.60/ 21.25 | 94.29/ 29.91 | 96.75/ 15.19 | 96.88/ 14.39 | -41.30 [-43.35, -39.24]    | -3.08 [-4.03, -2.14]       | -0.79 [-0.95, -0.63]       | 5
   18000       10       10 |  0.55  18100 | 85.18/ 57.00 | 84.27/ 56.60 | 86.31/ 51.10 | 84.06/ 57.50 | 86.37/ 54.80 | 87.72/ 47.40 | 87.99/ 46.60 | -9.60 [-20.62, +1.42]      | -9.20 [-12.32, -6.08]      | -0.80 [-2.36, +0.76]       | 5
   18000       10       20 |  1.10  18200 | 83.91/ 61.05 | 86.58/ 48.15 | 88.90/ 42.90 | 86.05/ 51.05 | 87.29/ 50.95 | 90.20/ 38.10 | 90.22/ 37.65 | -22.95 [-25.90, -20.00]    | -10.05 [-13.42, -6.68]     | -0.45 [-2.51, +1.61]       | 5
   18000       10       50 |  2.70  18500 | 86.16/ 53.12 | 93.72/ 22.60 | 93.97/ 24.14 | 93.04/ 26.14 | 92.96/ 29.18 | 95.55/ 18.60 | 95.58/ 18.24 | -34.52 [-40.93, -28.11]    | -4.00 [-7.91, -0.09]       | -0.36 [-0.91, +0.19]       | 5
   18000       10      100 |  5.26  19000 | 84.54/ 58.78 | 95.26/ 17.48 | 95.25/ 21.77 | 94.65/ 20.83 | 94.11/ 25.03 | 96.57/ 14.31 | 96.60/ 14.07 | -44.47 [-47.51, -41.43]    | -3.17 [-4.71, -1.63]       | -0.24 [-0.47, -0.01]       | 5
   18000       10      200 | 10.00  20000 | 85.02/ 55.90 | 97.12/ 10.54 | 96.39/ 17.21 | 96.67/ 13.04 | 96.04/ 17.62 | 97.90/  8.80 | 97.91/  8.51 | -47.09 [-55.35, -38.84]    | -1.74 [-2.58, -0.91]       | -0.29 [-0.67, +0.09]       | 5
   18000       30        5 |  0.83  18150 | 85.74/ 58.53 | 81.70/ 64.20 | 84.29/ 59.93 | 81.99/ 64.27 | 85.56/ 57.87 | 86.33/ 51.53 | 86.46/ 50.67 | -7.00 [-11.24, -2.76]      | -12.67 [-18.66, -6.68]     | -0.87 [-2.06, +0.33]       | 5
   18000       30       10 |  1.64  18300 | 84.17/ 56.77 | 84.07/ 53.90 | 86.19/ 47.77 | 83.79/ 57.37 | 85.68/ 53.27 | 87.66/ 42.87 | 87.81/ 42.30 | -13.90 [-17.89, -9.91]     | -11.03 [-14.27, -7.80]     | -0.57 [-1.26, +0.13]       | 5
   18000       30       20 |  3.23  18600 | 85.28/ 56.03 | 87.65/ 43.75 | 89.45/ 38.83 | 86.96/ 47.53 | 88.26/ 47.43 | 90.88/ 35.18 | 91.00/ 34.18 | -20.85 [-25.14, -16.56]    | -8.57 [-10.46, -6.68]      | -1.00 [-2.17, +0.17]       | 5
   18000       30       50 |  7.69  19500 | 85.98/ 55.97 | 92.65/ 28.03 | 93.50/ 27.62 | 91.81/ 31.95 | 91.87/ 34.84 | 94.76/ 22.71 | 94.89/ 21.84 | -33.27 [-38.05, -28.48]    | -5.33 [-7.05, -3.60]       | -0.87 [-1.23, -0.50]       | 5
   18000       30      100 | 14.29  21000 | 85.44/ 52.33 | 95.18/ 17.67 | 94.05/ 23.27 | 94.64/ 20.54 | 94.10/ 25.32 | 96.32/ 15.77 | 96.37/ 15.20 | -36.56 [-42.46, -30.67]    | -1.90 [-2.29, -1.51]       | -0.57 [-0.83, -0.31]       | 5
   18000       30      200 | 25.00  24000 | 84.09/ 56.85 | 96.66/ 12.32 | 95.20/ 20.52 | 96.26/ 14.57 | 95.34/ 21.75 | 97.33/ 11.22 | 97.37/ 10.91 | -45.63 [-48.71, -42.54]    | -1.10 [-2.07, -0.12]       | -0.31 [-0.44, -0.18]       | 5
   18000      100        1 |  0.55  18100 | 84.46/ 57.10 | 79.40/ 62.80 | 78.67/ 83.00 | 80.34/ 61.20 | 83.83/ 56.70 | 82.66/ 61.80 | 82.82/ 60.80 | +4.70 [+0.34, +9.06]       | -1.00 [-3.94, +1.94]       | -1.00 [-2.32, +0.32]       | 5
   18000      100        2 |  1.10  18200 | 85.06/ 57.35 | 80.20/ 64.75 | 80.17/ 76.60 | 81.04/ 63.30 | 84.60/ 57.50 | 83.59/ 60.65 | 83.78/ 60.15 | +3.30 [-0.06, +6.66]       | -4.10 [-5.81, -2.39]       | -0.50 [-0.99, -0.01]       | 5
   18000      100        5 |  2.70  18500 | 85.07/ 56.40 | 81.40/ 62.38 | 84.29/ 58.46 | 81.67/ 63.56 | 84.91/ 56.40 | 85.77/ 50.98 | 85.83/ 50.66 | -5.42 [-7.78, -3.06]       | -11.40 [-12.06, -10.74]    | -0.32 [-0.74, +0.10]       | 5
   18000      100       10 |  5.26  19000 | 85.06/ 56.22 | 84.19/ 53.95 | 86.89/ 48.51 | 83.95/ 56.49 | 86.15/ 53.13 | 88.01/ 44.44 | 88.15/ 43.56 | -11.78 [-13.07, -10.49]    | -9.51 [-10.76, -8.26]      | -0.88 [-1.56, -0.20]       | 5
   18000      100       20 | 10.00  20000 | 85.00/ 56.39 | 87.66/ 42.92 | 89.22/ 39.18 | 87.02/ 46.48 | 88.07/ 46.85 | 90.55/ 35.93 | 90.70/ 35.24 | -20.46 [-21.29, -19.63]    | -6.99 [-8.59, -5.40]       | -0.69 [-1.22, -0.16]       | 5
   18000      100       50 | 21.74  23000 | 84.98/ 56.33 | 92.23/ 29.68 | 92.08/ 31.50 | 91.48/ 33.29 | 91.13/ 37.74 | 93.84/ 26.09 | 93.97/ 25.31 | -30.23 [-31.33, -29.14]    | -3.58 [-5.32, -1.85]       | -0.78 [-0.97, -0.59]       | 5
   18000      100      100 | 35.71  28000 | 84.97/ 56.42 | 94.50/ 22.15 | 93.39/ 26.86 | 93.89/ 25.45 | 92.95/ 32.42 | 95.40/ 20.30 | 95.53/ 19.61 | -36.12 [-37.56, -34.68]    | -1.85 [-2.84, -0.86]       | -0.69 [-0.83, -0.54]       | 5
   18000      100      200 | 52.63  38000 | 84.97/ 56.34 | 95.90/ 17.83 | 94.73/ 23.74 | 95.47/ 20.16 | 94.24/ 28.61 | 96.45/ 16.43 | 96.55/ 15.91 | -39.91 [-41.42, -38.40]    | -1.40 [-1.95, -0.84]       | -0.53 [-0.60, -0.46]       | 5
   72000      100        1 |  0.14  72100 | 84.99/ 58.20 | 73.99/ 75.80 | 78.40/ 85.60 | 75.75/ 72.80 | 83.05/ 62.20 | 81.16/ 73.20 | 80.73/ 74.00 | +15.00 [+10.35, +19.65]    | -2.60 [-5.95, +0.75]       | +0.80 [-1.04, +2.64]       | 5
   72000      100        5 |  0.69  72500 | 84.91/ 57.12 | 75.51/ 73.20 | 81.44/ 69.88 | 76.73/ 70.84 | 83.31/ 60.08 | 82.82/ 61.12 | 82.55/ 61.84 | +4.00 [+0.92, +7.08]       | -12.08 [-13.99, -10.17]    | +0.72 [-0.55, +1.99]       | 5
   72000      100       20 |  2.70  74000 | 84.91/ 56.99 | 82.10/ 55.87 | 86.13/ 51.36 | 82.19/ 57.29 | 85.67/ 51.91 | 87.17/ 45.51 | 87.16/ 45.29 | -11.48 [-13.05, -9.91]     | -10.36 [-11.19, -9.53]     | -0.22 [-0.52, +0.08]       | 5
   72000      100       50 |  6.49  77000 | 84.76/ 57.06 | 87.78/ 39.82 | 88.49/ 43.90 | 87.44/ 41.95 | 88.65/ 42.54 | 90.52/ 35.20 | 90.58/ 34.79 | -21.86 [-24.11, -19.60]    | -4.62 [-6.23, -3.01]       | -0.41 [-0.90, +0.08]       | 5
   72000      100      200 | 21.74  92000 | 84.87/ 56.95 | 94.17/ 21.78 | 91.89/ 34.46 | 93.87/ 23.68 | 93.19/ 29.65 | 95.00/ 21.42 | 95.05/ 21.11 | -35.53 [-36.77, -34.29]    | -0.36 [-1.53, +0.80]       | -0.30 [-0.46, -0.15]       | 5
== E2 arrival patterns: AUROC / FPR95 (standalone); differences in FPR95 [95% CI over splits]
    comp  pattern | OOD%   n | static        | zeta          | mem           | plp           | static_plp    | reprise       | ext           | REPRISE-static             | REPRISE-zeta               | ext-REPRISE                | splits
  native emerging | 21.74  23000 | 85.00/ 56.39 | 91.33/ 32.00 | 90.37/ 37.48 | 90.81/ 34.79 | 90.80/ 38.04 | 92.79/ 29.92 | 93.03/ 28.80 | -26.48 [-27.64, -25.32]    | -2.08 [-4.33, +0.17]       | -1.12 [-1.49, -0.74]       | 5
  native id_burst10 | 21.74  23000 | 85.00/ 56.39 | 86.39/ 44.18 | 93.37/ 27.33 | 85.64/ 46.13 | 88.14/ 42.50 | 92.40/ 28.75 | 92.02/ 29.40 | -27.64 [-29.16, -26.12]    | -15.43 [-16.45, -14.41]    | +0.65 [+0.22, +1.07]       | 5
  native id_first | 21.74  23000 | 85.00/ 56.39 | 90.90/ 33.12 | 89.76/ 38.67 | 90.48/ 35.36 | 90.57/ 38.73 | 92.39/ 30.76 | 92.63/ 29.66 | -25.63 [-26.57, -24.69]    | -2.36 [-3.69, -1.04]       | -1.10 [-1.42, -0.77]       | 5
  native ood_burst | 21.74  23000 | 85.00/ 56.39 | 95.97/ 15.74 | 79.71/ 79.98 | 95.73/ 17.31 | 94.79/ 23.82 | 94.78/ 23.30 | 95.92/ 17.79 | -33.09 [-34.42, -31.76]    | +7.56 [+6.71, +8.41]       | -5.51 [-6.31, -4.70]       | 5
  native ood_early | 21.74  23000 | 85.00/ 56.39 | 94.19/ 23.88 | 94.16/ 23.27 | 92.89/ 31.25 | 91.97/ 36.85 | 95.16/ 20.94 | 95.37/ 19.85 | -35.45 [-36.72, -34.17]    | -2.93 [-4.24, -1.63]       | -1.09 [-1.44, -0.74]       | 5
  native   random | 21.74  23000 | 85.00/ 56.39 | 92.33/ 29.64 | 92.16/ 31.65 | 91.56/ 33.32 | 91.17/ 37.76 | 93.85/ 26.08 | 94.00/ 25.24 | -30.31 [-31.70, -28.93]    | -3.56 [-5.40, -1.72]       | -0.84 [-1.12, -0.57]       | 5
  native two_visits | 21.74  23000 | 85.00/ 56.39 | 94.28/ 22.64 | 87.10/ 51.23 | 93.71/ 26.06 | 92.85/ 32.26 | 93.72/ 27.73 | 94.87/ 22.59 | -28.66 [-30.06, -27.26]    | +5.09 [+3.37, +6.81]       | -5.14 [-5.91, -4.37]       | 5
  sparse emerging |  5.26  19000 | 85.16/ 56.18 | 83.27/ 57.32 | 85.45/ 53.20 | 83.47/ 57.70 | 86.03/ 53.48 | 87.33/ 47.82 | 87.51/ 46.94 | -8.36 [-10.41, -6.31]      | -9.50 [-11.40, -7.60]      | -0.88 [-1.33, -0.43]       | 5
  sparse id_burst10 |  5.26  19000 | 85.16/ 56.18 | 73.19/ 76.80 | 88.88/ 41.12 | 73.63/ 75.30 | 81.79/ 59.42 | 85.25/ 47.16 | 84.50/ 49.36 | -9.02 [-10.37, -7.67]      | -29.64 [-32.08, -27.20]    | +2.20 [+1.57, +2.83]       | 5
  sparse id_first |  5.26  19000 | 85.16/ 56.18 | 82.94/ 58.20 | 85.04/ 54.76 | 83.31/ 57.56 | 85.97/ 53.54 | 87.14/ 48.84 | 87.29/ 48.18 | -7.34 [-9.71, -4.97]       | -9.36 [-12.29, -6.43]      | -0.66 [-1.38, +0.06]       | 5
  sparse ood_burst |  5.26  19000 | 85.16/ 56.18 | 88.75/ 39.88 | 79.60/ 80.96 | 88.22/ 43.54 | 88.81/ 44.96 | 88.40/ 46.14 | 90.48/ 37.20 | -10.04 [-11.76, -8.32]     | +6.26 [+5.35, +7.17]       | -8.94 [-11.03, -6.85]      | 5
  sparse ood_early |  5.26  19000 | 85.16/ 56.18 | 87.32/ 44.80 | 89.04/ 38.44 | 86.00/ 52.76 | 87.18/ 50.98 | 89.92/ 36.78 | 90.12/ 36.46 | -19.40 [-22.15, -16.65]    | -8.02 [-11.00, -5.04]      | -0.32 [-1.05, +0.41]       | 5
  sparse   random |  5.26  19000 | 85.16/ 56.18 | 84.56/ 53.08 | 87.10/ 47.98 | 84.28/ 55.88 | 86.34/ 52.50 | 88.24/ 44.24 | 88.37/ 43.30 | -11.94 [-14.89, -8.99]     | -8.84 [-11.58, -6.10]      | -0.94 [-1.65, -0.23]       | 5
  sparse two_visits |  5.26  19000 | 85.16/ 56.18 | 86.07/ 49.36 | 84.10/ 61.86 | 85.53/ 53.30 | 87.10/ 50.90 | 87.51/ 49.28 | 89.02/ 41.48 | -6.90 [-8.65, -5.15]       | -0.08 [-1.86, +1.70]       | -7.80 [-9.25, -6.35]       | 5
== E3 batch size: AUROC / FPR95 (standalone); differences in FPR95 [95% CI over splits]
 pattern    batch | OOD%   n | static        | zeta          | mem           | plp           | static_plp    | reprise       | ext           | REPRISE-static             | REPRISE-zeta               | ext-REPRISE                | splits
ood_burst        1 | 21.74  23000 | 85.00/ 56.39 | 91.80/ 30.69 | 91.57/ 32.32 | 91.21/ 34.16 | 91.15/ 37.54 | 93.38/ 27.07 | 93.44/ 26.92 | -29.32 [-30.42, -28.23]    | -3.62 [-5.04, -2.20]       | -0.14 [-0.19, -0.09]       | 5
ood_burst       16 | 21.74  23000 | 85.00/ 56.39 | 93.69/ 24.07 | 86.98/ 48.52 | 93.21/ 26.81 | 92.61/ 32.40 | 93.30/ 28.74 | 94.39/ 23.79 | -27.65 [-28.71, -26.59]    | +4.67 [+3.43, +5.91]       | -4.95 [-5.43, -4.48]       | 5
ood_burst       64 | 21.74  23000 | 85.00/ 56.39 | 95.41/ 17.90 | 81.56/ 70.95 | 95.11/ 19.73 | 94.23/ 25.98 | 94.31/ 24.91 | 95.50/ 19.40 | -31.48 [-33.06, -29.91]    | +7.00 [+5.73, +8.27]       | -5.50 [-6.39, -4.62]       | 5
ood_burst      256 | 21.74  23000 | 85.00/ 56.39 | 95.97/ 15.74 | 79.71/ 79.98 | 95.73/ 17.31 | 94.79/ 23.82 | 94.78/ 23.30 | 95.92/ 17.79 | -33.09 [-34.42, -31.76]    | +7.56 [+6.71, +8.41]       | -5.51 [-6.31, -4.70]       | 5
  random        1 | 21.74  23000 | 85.00/ 56.39 | 92.25/ 29.96 | 92.32/ 31.18 | 91.49/ 33.64 | 91.12/ 37.90 | 93.93/ 25.82 | 93.99/ 25.32 | -30.57 [-31.85, -29.29]    | -4.14 [-5.97, -2.30]       | -0.51 [-0.79, -0.23]       | 5
  random       16 | 21.74  23000 | 85.00/ 56.39 | 92.25/ 29.96 | 92.31/ 31.27 | 91.49/ 33.59 | 91.13/ 37.92 | 93.92/ 25.88 | 93.99/ 25.28 | -30.51 [-31.79, -29.23]    | -4.08 [-5.98, -2.19]       | -0.60 [-0.88, -0.33]       | 5
  random       64 | 21.74  23000 | 85.00/ 56.39 | 92.27/ 29.85 | 92.27/ 31.33 | 91.51/ 33.48 | 91.13/ 37.88 | 93.90/ 25.86 | 93.99/ 25.28 | -30.53 [-31.80, -29.26]    | -3.99 [-5.81, -2.16]       | -0.58 [-0.91, -0.25]       | 5
  random      256 | 21.74  23000 | 85.00/ 56.39 | 92.33/ 29.64 | 92.16/ 31.65 | 91.56/ 33.32 | 91.17/ 37.76 | 93.85/ 26.08 | 94.00/ 25.24 | -30.31 [-31.70, -28.93]    | -3.56 [-5.40, -1.72]       | -0.84 [-1.12, -0.57]       | 5
written
