##### u1r: 45 streams; static p: FPR95 56.89 AUROC 84.98 first-appearance miss 57.51 AUROC(k=1) 84.53
== reprise: delay | AUROC  FPR95 | miss rate per appearance bin    1-1    2-2    3-5   6-10  11-20  21-30  31-50 | AUROC(k=1) | k=1 miss: delayed - issued
      0 |  93.86  26.27 |  52.62  48.13  39.13  30.62  26.57  23.16  22.26 |  84.80 | +0.00 [+0.00, +0.00]
      1 |  94.05  25.61 |  45.36  41.00  34.88  29.67  26.45  23.09  22.29 |  86.30 | -7.27 [-8.26, -6.27]
      2 |  94.15  25.28 |  42.18  36.98  33.09  29.04  26.34  23.06  22.32 |  87.41 | -10.44 [-11.83, -9.05]
      5 |  94.37  24.59 |  34.67  32.80  30.49  27.76  25.72  22.93  22.26 |  89.71 | -17.96 [-18.75, -17.16]
     10 |  94.62  23.84 |  30.31  29.16  27.69  25.79  25.02  22.57  22.24 |  91.54 | -22.31 [-23.55, -21.07]
     20 |  94.89  22.91 |  27.24  25.80  24.41  24.06  23.87  21.91  22.06 |  93.21 | -25.38 [-27.26, -23.49]
    end |  95.32  21.34 |  22.16  20.91  20.73  20.80  21.64  20.92  21.62 |  94.89 | -30.47 [-31.24, -29.70]
== hinge2_zero: delay | AUROC  FPR95 | miss rate per appearance bin    1-1    2-2    3-5   6-10  11-20  21-30  31-50 | AUROC(k=1) | k=1 miss: delayed - issued
      0 |  93.93  25.73 |  51.78  47.80  39.30  30.65  25.90  22.49  21.58 |  85.06 | +0.00 [+0.00, +0.00]
      1 |  94.11  25.11 |  45.96  42.29  35.33  29.48  25.72  22.46  21.60 |  86.32 | -5.82 [-7.00, -4.65]
      2 |  94.21  24.77 |  43.40  38.53  33.61  28.84  25.54  22.36  21.63 |  87.21 | -8.38 [-10.14, -6.62]
      5 |  94.44  24.01 |  35.98  33.58  30.73  27.13  24.98  22.10  21.61 |  89.36 | -15.80 [-17.30, -14.30]
     10 |  94.71  23.15 |  30.69  29.56  27.33  25.09  24.16  21.78  21.51 |  91.32 | -21.09 [-23.05, -19.12]
     20 |  95.01  22.17 |  26.36  24.96  23.75  23.28  23.01  21.21  21.37 |  93.21 | -25.42 [-27.45, -23.39]
    end |  95.44  20.66 |  21.38  20.18  19.99  20.15  20.93  20.27  20.93 |  94.97 | -30.40 [-32.05, -28.75]
== mem: delay | AUROC  FPR95 | miss rate per appearance bin    1-1    2-2    3-5   6-10  11-20  21-30  31-50 | AUROC(k=1) | k=1 miss: delayed - issued
      0 |  92.01  31.81 |  61.62  52.04  38.60  30.27  29.33  29.31  31.16 |  83.46 | +0.00 [+0.00, +0.00]
      1 |  92.20  31.27 |  51.04  40.53  33.39  29.48  29.65  29.78  31.51 |  84.99 | -10.58 [-12.48, -8.68]
      2 |  92.27  31.18 |  44.71  35.78  31.93  29.36  29.90  30.05  31.83 |  86.45 | -16.91 [-18.68, -15.14]
      5 |  92.39  31.10 |  33.49  31.07  29.61  29.13  30.28  30.56  32.39 |  89.36 | -28.13 [-31.07, -25.19]
     10 |  92.43  31.45 |  29.18  28.69  28.19  29.41  30.76  31.24  33.15 |  91.25 | -32.44 [-35.88, -29.01]
     20 |  92.41  32.37 |  29.42  29.02  28.06  30.01  32.00  32.36  34.12 |  92.26 | -32.20 [-36.03, -28.37]
    end |  92.18  34.36 |  35.51  33.89  32.28  33.61  34.90  34.06  34.71 |  91.93 | -26.11 [-28.82, -23.41]
== plp: delay | AUROC  FPR95 | miss rate per appearance bin    1-1    2-2    3-5   6-10  11-20  21-30  31-50 | AUROC(k=1) | k=1 miss: delayed - issued
      0 |  91.67  32.95 |  56.73  58.42  57.18  46.78  35.80  28.51  24.20 |  83.41 | +0.00 [+0.00, +0.00]
      1 |  91.79  32.53 |  57.40  58.73  56.18  45.32  35.18  28.26  24.05 |  83.69 | +0.67 [+0.11, +1.22]
      2 |  91.91  32.13 |  57.64  58.53  54.72  44.08  34.74  27.99  23.92 |  83.92 | +0.91 [+0.08, +1.75]
      5 |  92.25  31.00 |  56.80  55.80  50.67  40.91  33.34  27.31  23.71 |  84.82 | +0.07 [-0.84, +0.97]
     10 |  92.74  29.18 |  51.13  49.58  44.23  36.55  31.47  26.27  23.26 |  86.46 | -5.60 [-8.30, -2.90]
     20 |  93.42  26.57 |  39.93  38.11  35.68  31.45  28.59  24.62  22.70 |  89.50 | -16.80 [-19.74, -13.86]
    end |  94.50  22.22 |  23.31  22.31  22.33  21.59  22.65  21.81  22.30 |  93.96 | -33.42 [-35.96, -30.89]
