##### u4r: 45 streams; static p: FPR95 61.13 AUROC 84.00 first-appearance miss 61.58 AUROC(k=1) 83.89
== reprise: delay | AUROC  FPR95 | miss rate per appearance bin    1-1    2-2    3-5   6-10  11-20  21-30  31-50 | AUROC(k=1) | k=1 miss: delayed - issued
      0 |  93.44  27.08 |  55.49  50.20  40.14  31.66  27.64  24.18  22.56 |  84.28 | +0.00 [+0.00, +0.00]
      1 |  93.63  26.46 |  47.51  42.69  36.50  30.87  27.50  24.08  22.65 |  85.90 | -7.98 [-8.26, -7.70]
      2 |  93.76  26.10 |  42.56  39.36  34.93  30.28  27.26  24.10  22.67 |  87.29 | -12.93 [-14.07, -11.79]
      5 |  94.00  25.32 |  35.76  34.18  31.88  28.91  26.53  23.76  22.65 |  89.57 | -19.73 [-21.47, -18.00]
     10 |  94.26  24.55 |  30.69  30.78  29.85  27.12  25.77  23.29  22.50 |  91.57 | -24.80 [-27.37, -22.23]
     20 |  94.57  23.53 |  27.02  27.16  26.90  25.17  24.47  22.48  22.31 |  93.24 | -28.47 [-31.64, -25.29]
    end |  95.07  21.58 |  21.38  21.58  20.99  20.88  21.68  21.32  21.93 |  95.29 | -34.11 [-37.67, -30.56]
== hinge2_zero: delay | AUROC  FPR95 | miss rate per appearance bin    1-1    2-2    3-5   6-10  11-20  21-30  31-50 | AUROC(k=1) | k=1 miss: delayed - issued
      0 |  93.56  26.26 |  54.47  50.07  40.73  31.66  26.61  23.12  21.54 |  84.65 | +0.00 [+0.00, +0.00]
      1 |  93.74  25.64 |  48.18  43.47  37.21  30.60  26.38  22.99  21.59 |  86.08 | -6.29 [-7.06, -5.52]
      2 |  93.86  25.26 |  43.67  40.31  35.67  29.85  26.13  22.94  21.62 |  87.27 | -10.80 [-11.39, -10.21]
      5 |  94.12  24.39 |  36.69  34.93  32.07  28.20  25.27  22.61  21.59 |  89.43 | -17.78 [-19.55, -16.00]
     10 |  94.40  23.55 |  30.87  30.78  29.28  26.29  24.53  22.15  21.48 |  91.47 | -23.60 [-26.43, -20.77]
     20 |  94.73  22.43 |  26.11  26.29  25.73  24.02  23.27  21.24  21.34 |  93.34 | -28.36 [-31.37, -25.34]
    end |  95.23  20.62 |  20.42  20.71  20.07  20.08  20.70  20.34  20.93 |  95.44 | -34.04 [-37.79, -30.30]
== mem: delay | AUROC  FPR95 | miss rate per appearance bin    1-1    2-2    3-5   6-10  11-20  21-30  31-50 | AUROC(k=1) | k=1 miss: delayed - issued
      0 |  91.78  31.95 |  63.36  54.76  38.79  30.02  28.99  29.39  31.46 |  82.95 | +0.00 [+0.00, +0.00]
      1 |  91.96  31.56 |  52.73  43.31  34.47  29.39  29.37  29.89  31.96 |  84.40 | -10.62 [-13.32, -7.92]
      2 |  92.06  31.44 |  44.78  38.69  32.75  29.23  29.56  30.19  32.32 |  86.25 | -18.58 [-21.28, -15.87]
      5 |  92.20  31.45 |  33.89  33.27  29.84  28.71  30.00  31.05  33.09 |  89.13 | -29.47 [-32.31, -26.63]
     10 |  92.29  31.75 |  28.31  29.64  28.53  28.62  30.55  31.84  33.84 |  91.28 | -35.04 [-37.48, -32.61]
     20 |  92.29  32.61 |  27.73  27.91  28.96  29.30  31.79  32.88  34.75 |  92.40 | -35.62 [-38.18, -33.06]
    end |  92.10  35.03 |  33.89  34.24  34.25  34.13  35.13  35.04  35.41 |  92.36 | -29.47 [-32.34, -26.60]
== plp: delay | AUROC  FPR95 | miss rate per appearance bin    1-1    2-2    3-5   6-10  11-20  21-30  31-50 | AUROC(k=1) | k=1 miss: delayed - issued
      0 |  91.07  34.46 |  60.04  59.73  60.24  49.28  36.91  29.97  25.37 |  82.78 | +0.00 [+0.00, +0.00]
      1 |  91.21  34.06 |  60.27  60.29  59.15  47.71  36.40  29.73  25.27 |  83.14 | +0.22 [-0.61, +1.06]
      2 |  91.34  33.64 |  60.33  60.02  57.75  46.21  35.94  29.48  25.15 |  83.44 | +0.29 [-0.41, +0.98]
      5 |  91.70  32.42 |  59.00  57.29  53.27  42.85  34.50  28.80  24.87 |  84.41 | -1.04 [-3.32, +1.23]
     10 |  92.22  30.48 |  53.47  52.07  45.52  38.09  32.62  27.70  24.41 |  86.17 | -6.58 [-9.68, -3.47]
     20 |  92.98  27.68 |  40.47  39.16  36.82  32.95  29.48  25.88  23.77 |  89.50 | -19.58 [-24.03, -15.12]
    end |  94.23  23.06 |  22.58  23.96  22.84  22.77  22.99  22.90  23.27 |  94.36 | -37.47 [-41.60, -33.34]
