u1alone: 5 streams, views ['B14', 'L14']
== overall (AUROC / FPR95): standalone | x TINS | x MCM
  static            85.04 /  56.17 |  84.80 /  57.24 |  85.05 /  56.24
  rho               86.82 /  41.43 |  87.75 /  39.82 |  86.94 /  41.28
  mem               91.84 /  31.64 |  91.74 /  31.85 |  91.86 /  31.59
  plp               91.59 /  33.08 |  91.46 /  33.85 |  91.64 /  33.06
  lp_zero           92.27 /  30.07 |  92.17 /  30.61 |  92.31 /  30.02
  zeta              92.35 /  29.59 |  92.23 /  30.21 |  92.40 /  29.58
  static_plp        91.19 /  37.94 |  91.07 /  38.52 |  91.20 /  37.98
  static_rho        91.35 /  33.64 |  91.30 /  33.96 |  91.36 /  33.66
  rho_plp           93.76 /  25.24 |  93.79 /  25.24 |  93.78 /  25.20
  static_rho_plp    93.52 /  27.40 |  93.47 /  27.68 |  93.53 /  27.41
  reprise           93.81 /  26.18 |  93.75 /  26.51 |  93.81 /  26.16
  mem_lpzero        94.04 /  25.18 |  93.99 /  25.49 |  94.04 /  25.20
  lpA               81.64 /  58.85 |  81.74 /  59.31 |  81.74 /  58.84
  static_lpA        84.57 /  55.77 |  84.55 /  55.86 |  84.59 /  55.81
  mem_lpA           90.29 /  36.02 |  90.23 /  36.33 |  90.30 /  35.99
== paired differences (standalone FPR95; AUROC), unit split
  reprise         - zeta         FPR95 -3.41 [-5.06, -1.75]   AUROC +1.46 [+1.19, +1.72]
  reprise         - static       FPR95 -29.99 [-31.03, -28.95]   AUROC +8.77 [+7.66, +9.88]
  reprise         - static_plp   FPR95 -11.76 [-12.35, -11.16]   AUROC +2.62 [+2.49, +2.75]
  reprise         - mem          FPR95 -5.46 [-6.52, -4.40]   AUROC +1.97 [+0.90, +3.03]
  static_rho_plp  - reprise      FPR95 +1.22 [+0.92, +1.52]   AUROC -0.29 [-0.43, -0.14]
  mem_lpzero      - reprise      FPR95 -1.00 [-1.40, -0.61]   AUROC +0.23 [+0.21, +0.25]
  mem_lpA         - static_lpA   FPR95 -19.75 [-21.62, -17.88]   AUROC +5.72 [+5.41, +6.03]
  reprise         - static_plp   FPR95 -11.76 [-12.35, -11.16]   AUROC +2.62 [+2.49, +2.75]
  static_plp      - static_lpA   FPR95 -17.84 [-19.81, -15.86]   AUROC +6.62 [+5.62, +7.62]
  reprise         - mem_lpA      FPR95 -9.84 [-10.99, -8.69]   AUROC +3.52 [+2.48, +4.56]
  interaction (memory effect with history LP - with alone LP) FPR95: +8.00 [+6.35, +9.64]
  interaction (memory effect with history LP - with alone LP) AUROC: -3.10 [-3.28, -2.91]
== A1: miss rate (%) at the ID-95% threshold per appearance bin k = 1-1, 2-2, 3-5, 6-10, 11-20, 21-30, 31-50
  static          miss   57.60   56.40   55.53   55.04   57.02   55.50   56.37
                  auroc  83.44   84.99   85.91   85.68   84.82   84.84   85.04
  mem             miss   62.40   55.60   38.07   30.32   29.14   29.36   30.66
                  auroc  81.88   84.53   88.51   91.81   92.36   92.58   92.60
  plp             miss   55.60   60.80   58.53   47.68   35.14   28.72   24.26
                  auroc  82.40   83.75   85.49   88.27   90.99   92.76   93.91
  zeta            miss   49.20   53.80   49.73   41.04   32.18   26.22   21.90
                  auroc  83.20   84.84   86.78   89.54   91.86   93.48   94.41
  static_plp      miss   54.40   55.60   54.13   48.04   40.64   34.64   31.57
                  auroc  83.91   85.67   87.06   88.82   90.57   91.89   93.00
  reprise         miss   51.80   51.60   38.20   30.32   26.14   23.58   22.11
                  auroc  83.48   86.02   89.62   92.67   93.91   94.65   95.16
  rho             miss   96.00   70.20   49.00   37.84   37.68   38.20   40.52
                  auroc  32.80   60.82   79.51   87.74   89.46   89.29   89.14
  static_rho_plp  miss   59.40   55.40   39.00   30.96   27.34   24.70   23.16
                  auroc  79.03   84.24   89.02   92.64   93.80   94.51   94.98
  lpA             miss   58.20   61.00   57.87   58.72   58.94   58.52   59.07
                  auroc  80.07   81.35   82.15   82.50   81.54   81.34   81.64
  static_lpA      miss   55.60   56.00   54.80   55.36   56.06   55.32   56.10
                  auroc  82.92   84.49   85.32   85.36   84.41   84.28   84.57
  mem_lpA         miss   53.40   51.80   39.00   34.12   33.90   34.32   36.30
                  auroc  82.46   84.79   88.10   90.60   90.70   90.79   90.75
  images per stream in each bin: {'1-1': 100.0, '2-2': 100.0, '3-5': 300.0, '6-10': 500.0, '11-20': 1000.0, '21-30': 1000.0, '31-50': 2000.0}
  reprise - static: miss -5.80 [-10.87, -0.73]  -4.80 [-7.76, -1.84]  -17.33 [-21.29, -13.37]  -24.72 [-26.52, -22.92]
                     auroc +0.04 [-0.44, +0.52]  +1.03 [+0.35, +1.70]  +3.71 [+2.76, +4.66]  +6.99 [+6.07, +7.90]
  reprise - zeta: miss +2.60 [-0.26, +5.46]  -2.20 [-7.04, +2.64]  -11.53 [-14.19, -8.87]  -10.72 [-14.12, -7.32]
                     auroc +0.28 [-0.61, +1.18]  +1.18 [+0.17, +2.19]  +2.83 [+1.76, +3.90]  +3.13 [+2.62, +3.64]
  mem - static: miss +4.80 [+1.24, +8.36]  -0.80 [-4.25, +2.65]  -17.47 [-21.60, -13.33]  -24.72 [-26.47, -22.97]
                     auroc -1.56 [-1.83, -1.30]  -0.46 [-1.13, +0.21]  +2.60 [+1.52, +3.67]  +6.13 [+5.57, +6.68]
  plp - static: miss -2.00 [-7.19, +3.19]  +4.40 [+1.68, +7.12]  +3.00 [+1.15, +4.85]  -7.36 [-10.74, -3.98]
                     auroc -1.04 [-2.22, +0.14]  -1.24 [-2.62, +0.13]  -0.42 [-1.36, +0.52]  +2.58 [+1.28, +3.89]
== A1b: first-appearance miss rate by arrival position (rows 0-1023 / 1024-4095 / 4096+); images per stream: {'b0-3': 92.0, 'b4-15': 8.0, 'b16+': 0.0}
  static       b0-3  56.74  b4-15  67.50  b16+    nan
  reprise      b0-3  51.09  b4-15  60.00  b16+    nan
  zeta         b0-3  48.04  b4-15  62.50  b16+    nan
  static_plp   b0-3  53.91  b4-15  60.00  b16+    nan
== C2: share of OOD detected by p_M only / p_LP only / both / neither (each at its own ID-95% threshold)
  k all    mem_only  12.65  lp_only  11.20  both  55.71  neither  20.44
  k 1-1    mem_only   7.00  lp_only  13.80  both  30.60  neither  48.60
  k 2-2    mem_only  14.60  lp_only   9.40  both  29.80  neither  46.20
  k 3-5    mem_only  27.00  lp_only   6.53  both  34.93  neither  31.53
  k 6-10   mem_only  23.88  lp_only   6.52  both  45.80  neither  23.80
  k 11-20  mem_only  15.24  lp_only   9.24  both  55.62  neither  19.90
  k 21-30  mem_only  10.60  lp_only  11.24  both  60.04  neither  18.12
  k 31-50  mem_only   7.60  lp_only  14.00  both  61.74  neither  16.66
== C2: Spearman correlation of the log ranks within ID / within OOD
  mem_plp      ID +0.608  OOD +0.687
  rho_plp      ID +0.151  OOD +0.540
  static_plp   ID +0.715  OOD +0.606
  static_rho   ID +0.251  OOD +0.356
  static_mem   ID +0.843  OOD +0.747
== E4: ID false alarms / OOD misses per stream decile
  static   FA    4.74  4.73  5.10  5.29  5.12  4.98  5.00  5.23  5.09  4.72
           miss 56.47 53.12 56.58 57.58 56.80 53.98 56.63 56.42 58.15 55.81
  zeta     FA    6.87  5.18  4.83  5.08  4.64  4.56  4.79  4.99  4.63  4.44
           miss 49.38 41.59 34.80 29.02 28.98 24.08 22.36 23.09 20.59 21.95
  reprise  FA    5.94  5.25  4.93  5.28  4.94  4.63  4.90  5.07  4.62  4.46
           miss 42.44 30.85 27.26 24.73 26.44 21.15 21.67 23.54 21.38 22.28
  mem      FA    5.16  5.35  4.63  5.04  5.04  4.69  5.07  5.21  4.80  5.01
           miss 44.45 31.77 28.66 29.49 30.56 27.55 29.42 31.71 30.02 32.82
  plp      FA    5.43  4.99  4.87  5.51  5.06  4.86  4.83  5.23  4.51  4.71
           miss 58.24 47.00 38.35 31.95 31.21 26.35 25.62 25.04 22.84 24.19
written /home/omote/reprise_p7_20261003/results/an_u1alone.json
