u1std: 45 streams, views ['B14', 'L14']
== overall (AUROC / FPR95): standalone | x TINS | x MCM
  static            84.98 /  56.89 |  84.75 /  57.56 |  85.00 /  56.92
  rho               87.14 /  41.17 |  88.07 /  39.51 |  87.26 /  41.01
  mem               92.01 /  31.81 |  91.87 /  31.87 |  92.02 /  31.76
  plp               91.67 /  32.95 |  91.53 /  33.56 |  91.71 /  32.93
  lp_zero           92.32 /  29.75 |  92.23 /  30.30 |  92.36 /  29.72
  zeta              92.40 /  29.43 |  92.27 /  30.17 |  92.44 /  29.40
  static_plp        91.22 /  37.69 |  91.10 /  38.14 |  91.22 /  37.70
  static_rho        91.54 /  33.80 |  91.47 /  33.83 |  91.55 /  33.76
  rho_plp           93.88 /  25.13 |  93.92 /  24.97 |  93.90 /  25.09
  static_rho_plp    93.62 /  27.63 |  93.56 /  27.83 |  93.62 /  27.64
  reprise           93.86 /  26.27 |  93.79 /  26.48 |  93.87 /  26.25
  mem_lpzero        94.09 /  25.25 |  94.04 /  25.43 |  94.10 /  25.23
  lpB               82.52 /  58.65 |  82.62 /  58.74 |  82.61 /  58.62
  static_lpB        85.02 /  55.47 |  85.01 /  55.60 |  85.04 /  55.44
  mem_lpB           90.67 /  36.09 |  90.60 /  36.37 |  90.68 /  36.09
  static_lpzero     91.84 /  34.81 |  91.73 /  35.23 |  91.84 /  34.82
== paired differences (standalone FPR95; AUROC), unit split
  reprise         - zeta         FPR95 -3.16 [-4.15, -2.16]   AUROC +1.46 [+1.18, +1.75]
  reprise         - static       FPR95 -30.61 [-31.40, -29.83]   AUROC +8.88 [+7.99, +9.77]
  reprise         - static_plp   FPR95 -11.42 [-11.98, -10.85]   AUROC +2.65 [+2.49, +2.80]
  reprise         - mem          FPR95 -5.53 [-6.57, -4.50]   AUROC +1.85 [+0.91, +2.79]
  static_rho_plp  - reprise      FPR95 +1.36 [+1.04, +1.67]   AUROC -0.24 [-0.36, -0.13]
  mem_lpzero      - reprise      FPR95 -1.02 [-1.21, -0.83]   AUROC +0.23 [+0.20, +0.25]
  reprise         - static_plp   FPR95 -11.42 [-11.98, -10.85]   AUROC +2.65 [+2.49, +2.80]
  mem_lpB         - static_lpB   FPR95 -19.38 [-20.31, -18.44]   AUROC +5.65 [+5.32, +5.98]
  mem_lpzero      - static_lpzero FPR95 -9.56 [-10.14, -8.97]   AUROC +2.25 [+2.13, +2.38]
  static_lpzero   - static_lpB   FPR95 -20.66 [-21.49, -19.83]   AUROC +6.82 [+6.18, +7.45]
  mem_lpzero      - mem_lpB      FPR95 -10.84 [-11.97, -9.71]   AUROC +3.42 [+2.74, +4.10]
== A1: miss rate (%) at the ID-95% threshold per appearance bin k = 1-1, 2-2, 3-5, 6-10, 11-20, 21-30, 31-50
  static          miss   57.51   56.24   56.51   56.58   57.41   56.30   57.05
                  auroc  84.53   85.22   85.16   85.19   84.85   85.08   84.94
  mem             miss   61.62   52.04   38.60   30.27   29.33   29.31   31.16
                  auroc  83.46   85.61   88.55   91.57   92.52   92.89   92.70
  plp             miss   56.73   58.42   57.18   46.78   35.80   28.51   24.20
                  auroc  83.41   84.42   85.47   88.20   90.98   92.89   93.97
  zeta            miss   50.82   52.40   50.50   41.10   31.95   25.27   21.96
                  auroc  84.35   85.47   86.66   89.34   91.87   93.59   94.44
  static_plp      miss   54.22   54.58   53.96   47.69   40.24   34.48   31.41
                  auroc  85.01   85.98   86.72   88.57   90.57   92.09   93.01
  reprise         miss   52.62   48.13   39.13   30.62   26.57   23.16   22.26
                  auroc  84.80   86.81   89.57   92.45   93.89   94.81   95.18
  rho             miss   96.84   69.36   48.50   38.36   37.28   37.83   40.21
                  auroc  29.33   63.37   81.08   87.93   89.61   89.68   89.43
  static_rho_plp  miss   61.60   51.44   39.79   31.87   27.84   24.27   23.44
                  auroc  79.75   85.18   89.31   92.43   93.83   94.70   95.03
  lpB             miss   58.80   58.69   58.56   57.99   59.18   58.16   58.80
                  auroc  81.85   82.61   82.71   82.87   82.34   82.62   82.46
  images per stream in each bin: {'1-1': 100.0, '2-2': 100.0, '3-5': 300.0, '6-10': 500.0, '11-20': 1000.0, '21-30': 1000.0, '31-50': 2000.0}
  reprise - static: miss -4.89 [-6.53, -3.25]  -8.11 [-10.85, -5.37]  -17.38 [-18.06, -16.70]  -25.96 [-27.01, -24.91]
                     auroc +0.28 [+0.09, +0.46]  +1.59 [+0.87, +2.31]  +4.41 [+3.83, +4.99]  +7.26 [+6.52, +8.00]
  reprise - zeta: miss +1.80 [-0.33, +3.93]  -4.27 [-7.07, -1.47]  -11.36 [-12.80, -9.93]  -10.48 [-12.84, -8.12]
                     auroc +0.46 [-0.04, +0.96]  +1.34 [+0.76, +1.92]  +2.91 [+2.46, +3.35]  +3.11 [+2.56, +3.65]
  mem - static: miss +4.11 [+1.56, +6.66]  -4.20 [-6.86, -1.54]  -17.91 [-19.34, -16.48]  -26.31 [-27.57, -25.04]
                     auroc -1.07 [-1.32, -0.83]  +0.39 [-0.18, +0.97]  +3.40 [+2.94, +3.86]  +6.38 [+5.63, +7.13]
  plp - static: miss -0.78 [-3.19, +1.63]  +2.18 [+0.01, +4.34]  +0.67 [-0.72, +2.05]  -9.80 [-12.41, -7.19]
                     auroc -1.12 [-1.74, -0.49]  -0.80 [-2.07, +0.47]  +0.31 [-0.30, +0.91]  +3.01 [+1.78, +4.24]
== A1b: first-appearance miss rate by arrival position (rows 0-1023 / 1024-4095 / 4096+); images per stream: {'b0-3': 91.33333333333333, 'b4-15': 8.666666666666666, 'b16+': 0.0}
  static       b0-3  56.89  b4-15  65.88  b16+    nan
  reprise      b0-3  51.82  b4-15  62.33  b16+    nan
  zeta         b0-3  49.82  b4-15  62.08  b16+    nan
  static_plp   b0-3  53.57  b4-15  62.15  b16+    nan
== C2: share of OOD detected by p_M only / p_LP only / both / neither (each at its own ID-95% threshold)
  k all    mem_only  12.35  lp_only  11.21  both  55.84  neither  20.60
  k 1-1    mem_only   8.44  lp_only  13.33  both  29.93  neither  48.29
  k 2-2    mem_only  15.82  lp_only   9.44  both  32.13  neither  42.60
  k 3-5    mem_only  24.57  lp_only   5.99  both  36.83  neither  32.61
  k 6-10   mem_only  23.04  lp_only   6.52  both  46.69  neither  23.75
  k 11-20  mem_only  15.25  lp_only   8.78  both  55.42  neither  20.55
  k 21-30  mem_only  10.75  lp_only  11.55  both  59.94  neither  17.76
  k 31-50  mem_only   7.22  lp_only  14.18  both  61.62  neither  16.97
== C2: Spearman correlation of the log ranks within ID / within OOD
  mem_plp      ID +0.618  OOD +0.690
  rho_plp      ID +0.167  OOD +0.542
  static_plp   ID +0.715  OOD +0.603
  static_rho   ID +0.251  OOD +0.353
  static_mem   ID +0.844  OOD +0.747
== E4: ID false alarms / OOD misses per stream decile
  static   FA    4.86  4.71  5.20  5.18  4.97  4.79  5.09  5.16  5.13  4.91
           miss 56.94 56.38 57.28 57.23 56.76 55.63 57.00 57.51 57.18 56.91
  zeta     FA    6.68  5.23  4.91  4.90  4.67  4.77  4.80  4.92  4.57  4.55
           miss 48.94 41.38 34.84 29.17 26.76 24.45 23.41 22.55 20.62 21.82
  reprise  FA    6.04  5.32  5.15  5.07  4.80  4.75  4.90  4.86  4.56  4.55
           miss 42.30 30.76 28.01 25.00 24.20 22.72 22.81 22.96 21.50 22.38
  mem      FA    5.33  4.99  4.84  5.13  4.88  4.83  5.09  5.08  4.86  4.97
           miss 44.10 30.97 29.72 28.94 29.74 29.72 30.28 31.66 30.99 32.06
  plp      FA    5.39  5.14  5.02  5.17  4.92  4.88  4.97  5.07  4.69  4.75
           miss 55.93 46.43 39.17 32.67 30.14 27.26 26.33 24.65 22.85 23.65
written /home/omote/reprise_p7_20261003/results/an_u1.json
