cub B14 87.91
cub L14 87.93
cub CLIP 75.62
cifar100 B14 87.84
cifar100 L14 90.8
cifar100 CLIP 70.88
places365 B14 45.79
places365 L14 46.62
places365 CLIP 41.88
inr B14 72.46
inr L14 81.8
inr CLIP 63.02
insk B14 68.03
insk L14 73.14
insk CLIP 54.52
/home/omote/reprise_p7_20261003/code/data7.py:182: FutureWarning: You are using `torch.load` with `weights_only=False` (the current default value), which uses the default pickle module implicitly. It is possible to construct malicious pickle data which will execute arbitrary code during unpickling (See https://github.com/pytorch/pytorch/blob/main/SECURITY.md#untrusted-models for more details). In a future release, the default value for `weights_only` will be flipped to `True`. This limits the functions that could be executed during unpickling. Arbitrary objects will no longer be allowed to be loaded via this mode unless they are explicitly allowlisted by the user via `torch.serialization.add_safe_globals`. We recommend you start setting `weights_only=True` for any use case where you don't have full control of the loaded file. Please open an issue on GitHub for any issues related to this experimental feature.
  F = torch.load(base / "feats.pt", map_location="cpu")
/home/omote/reprise_p7_20261003/code/data7.py:188: FutureWarning: You are using `torch.load` with `weights_only=False` (the current default value), which uses the default pickle module implicitly. It is possible to construct malicious pickle data which will execute arbitrary code during unpickling (See https://github.com/pytorch/pytorch/blob/main/SECURITY.md#untrusted-models for more details). In a future release, the default value for `weights_only` will be flipped to `True`. This limits the functions that could be executed during unpickling. Arbitrary objects will no longer be allowed to be loaded via this mode unless they are explicitly allowlisted by the user via `torch.serialization.add_safe_globals`. We recommend you start setting `weights_only=True` for any use case where you don't have full control of the loaded file. Please open an issue on GitHub for any issues related to this experimental feature.
  setup = torch.load(base / "tins_setup.pt", map_location="cpu")
cubssb B14 91.85
cubssb L14 92.34
cubssb CLIP 81.21
