# m1m3e5: variants vs v4 (s_full) under the same 15 conditions

## dev1

| variant | near FPR95 | near AUROC | far FPR95 | far AUROC | vs v4 near FPR95 [95% CI] | vs v4 near AUROC | vs v4 far FPR95 | vs v4 far AUROC |
|---|---|---|---|---|---|---|---|---|
| e5_lp_keep_id | 68.31 | 80.76 | 18.70 | 96.39 | +30.42 [+29.52, +31.32] (5+/0-) | -10.19 [-10.90, -9.48] (0+/5-) | +4.45 [+3.23, +5.68] (5+/0-) | -0.87 [-1.08, -0.67] (0+/5-) |
| e5_lp_keep_id_full | 44.36 | 88.53 | 13.87 | 97.33 | +6.47 [+5.55, +7.39] (5+/0-) | -2.42 [-2.61, -2.23] (0+/5-) | -0.37 [-0.49, -0.26] (0+/5-) | +0.07 [+0.06, +0.08] (5+/0-) |
| e5_lp_keep_ood | 50.56 | 89.01 | 19.32 | 96.36 | +12.67 [+11.64, +13.70] (5+/0-) | -1.95 [-2.18, -1.71] (0+/5-) | +5.07 [+4.03, +6.12] (5+/0-) | -0.90 [-1.12, -0.69] (0+/5-) |
| e5_lp_keep_ood_full | 37.63 | 91.24 | 14.33 | 97.25 | -0.26 [-0.58, +0.06] (1+/4-) | +0.28 [+0.25, +0.31] (5+/0-) | +0.08 [-0.03, +0.20] (3+/2-) | -0.02 [-0.04, +0.01] (1+/4-) |
| e5_mem_allood_full | 31.73 | 93.73 | 11.42 | 97.79 | -6.16 [-6.61, -5.72] (0+/5-) | +2.78 [+2.65, +2.91] (5+/0-) | -2.83 [-3.55, -2.11] (0+/5-) | +0.52 [+0.44, +0.60] (5+/0-) |
| e5_mem_pure_full | 35.31 | 91.61 | 12.08 | 97.64 | -2.58 [-2.85, -2.31] (0+/5-) | +0.66 [+0.59, +0.72] (5+/0-) | -2.17 [-2.82, -1.52] (0+/5-) | +0.37 [+0.33, +0.42] (5+/0-) |
| e5_noK_full | 33.74 | 91.83 | 16.11 | 96.93 | -4.15 [-4.75, -3.55] (0+/5-) | +0.88 [+0.82, +0.93] (5+/0-) | +1.86 [+1.45, +2.27] (5+/0-) | -0.33 [-0.37, -0.30] (0+/5-) |
| e5_noK_static | 64.14 | 82.19 | 17.67 | 96.84 | +26.25 [+25.46, +27.04] (5+/0-) | -8.77 [-9.06, -8.48] (0+/5-) | +3.42 [+2.56, +4.29] (5+/0-) | -0.42 [-0.53, -0.32] (0+/5-) |
| m1_bh_all_0.05_full | 53.14 | 87.34 | 15.20 | 97.15 | +15.25 [+14.27, +16.24] (5+/0-) | -3.62 [-3.86, -3.37] (0+/5-) | +0.95 [+0.53, +1.38] (5+/0-) | -0.12 [-0.14, -0.10] (0+/5-) |
| m1_bh_all_0.05_mem | 69.13 | 81.69 | 18.04 | 96.87 | +31.24 [+30.19, +32.29] (5+/0-) | -9.26 [-9.45, -9.07] (0+/5-) | +3.80 [+2.54, +5.05] (5+/0-) | -0.40 [-0.49, -0.30] (0+/5-) |
| m1_bh_all_0.1_full | 53.05 | 87.35 | 15.06 | 97.17 | +15.16 [+14.09, +16.22] (5+/0-) | -3.60 [-3.83, -3.37] (0+/5-) | +0.81 [+0.43, +1.20] (5+/0-) | -0.10 [-0.13, -0.07] (0+/5-) |
| m1_bh_all_0.1_mem | 68.28 | 81.81 | 17.78 | 96.92 | +30.39 [+28.83, +31.96] (5+/0-) | -9.15 [-9.44, -8.85] (0+/5-) | +3.54 [+2.44, +4.63] (5+/0-) | -0.35 [-0.46, -0.24] (0+/5-) |
| m1_bh_all_0.2_full | 51.27 | 87.78 | 14.51 | 97.26 | +13.39 [+11.79, +14.98] (5+/0-) | -3.17 [-3.45, -2.90] (0+/5-) | +0.26 [-0.07, +0.59] (4+/1-) | -0.01 [-0.05, +0.04] (2+/3-) |
| m1_bh_all_0.2_mem | 61.07 | 83.11 | 16.86 | 97.06 | +23.18 [+19.87, +26.48] (5+/0-) | -7.84 [-8.62, -7.07] (0+/5-) | +2.61 [+1.37, +3.85] (5+/0-) | -0.21 [-0.30, -0.11] (0+/5-) |
| m1_bh_last_0.05_full | 49.19 | 88.17 | 14.97 | 97.19 | +11.30 [+9.24, +13.36] (5+/0-) | -2.78 [-3.21, -2.35] (0+/5-) | +0.73 [+0.40, +1.05] (5+/0-) | -0.08 [-0.11, -0.05] (0+/5-) |
| m1_bh_last_0.05_mem | 54.42 | 84.20 | 17.57 | 96.95 | +16.53 [+13.58, +19.48] (5+/0-) | -6.75 [-7.30, -6.20] (0+/5-) | +3.33 [+2.51, +4.15] (5+/0-) | -0.32 [-0.41, -0.23] (0+/5-) |
| m1_bh_last_0.1_full | 44.13 | 89.14 | 14.69 | 97.23 | +6.25 [+4.94, +7.55] (5+/0-) | -1.82 [-2.11, -1.52] (0+/5-) | +0.45 [+0.07, +0.83] (5+/0-) | -0.03 [-0.06, -0.00] (0+/5-) |
| m1_bh_last_0.1_mem | 46.33 | 86.14 | 17.07 | 97.03 | +8.44 [+7.27, +9.60] (5+/0-) | -4.82 [-5.10, -4.53] (0+/5-) | +2.83 [+1.87, +3.79] (5+/0-) | -0.24 [-0.33, -0.15] (0+/5-) |
| m1_bh_last_0.2_full | 40.57 | 90.03 | 14.38 | 97.25 | +2.68 [+1.95, +3.41] (5+/0-) | -0.92 [-1.11, -0.73] (0+/5-) | +0.14 [-0.09, +0.36] (4+/1-) | -0.02 [-0.04, +0.01] (1+/4-) |
| m1_bh_last_0.2_mem | 41.87 | 87.82 | 17.25 | 97.02 | +3.99 [+3.16, +4.81] (5+/0-) | -3.13 [-3.59, -2.68] (0+/5-) | +3.01 [+1.86, +4.16] (5+/0-) | -0.25 [-0.35, -0.15] (0+/5-) |
| m2a_reuse1_full | 37.87 | 90.97 | 14.26 | 97.26 | -0.02 [-0.16, +0.11] (3+/2-) | +0.02 [-0.02, +0.05] (4+/1-) | +0.01 [-0.10, +0.12] (2+/2-) | -0.01 [-0.01, -0.00] (0+/5-) |
| m2a_reuse1_mem | 39.83 | 89.58 | 19.43 | 96.64 | +1.94 [+1.37, +2.51] (5+/0-) | -1.38 [-2.03, -0.73] (0+/5-) | +5.18 [+4.26, +6.10] (5+/0-) | -0.63 [-0.69, -0.57] (0+/5-) |
| m2a_split1_full | 38.04 | 90.93 | 14.16 | 97.27 | +0.15 [-0.08, +0.38] (4+/1-) | -0.03 [-0.08, +0.03] (2+/3-) | -0.08 [-0.29, +0.13] (2+/3-) | +0.00 [-0.01, +0.01] (2+/3-) |
| m2a_split1_mem | 39.92 | 89.55 | 19.36 | 96.66 | +2.03 [+1.51, +2.55] (5+/0-) | -1.41 [-1.88, -0.94] (0+/5-) | +5.11 [+4.17, +6.06] (5+/0-) | -0.61 [-0.68, -0.54] (0+/5-) |
| m3_cauchy | 41.56 | 89.86 | 17.18 | 96.95 | +3.67 [+2.82, +4.51] (5+/0-) | -1.09 [-1.16, -1.03] (0+/5-) | +2.94 [+2.26, +3.62] (5+/0-) | -0.32 [-0.37, -0.26] (0+/5-) |
| m3_hmp | 41.64 | 89.98 | 17.50 | 96.86 | +3.75 [+2.87, +4.63] (5+/0-) | -0.98 [-1.13, -0.82] (0+/5-) | +3.26 [+2.59, +3.93] (5+/0-) | -0.41 [-0.48, -0.34] (0+/5-) |
| m3_pT_only | 90.48 | 63.51 | 34.23 | 91.21 | +52.59 [+51.99, +53.20] (5+/0-) | -27.44 [-28.29, -26.59] (0+/5-) | +19.99 [+19.46, +20.51] (5+/0-) | -6.06 [-6.20, -5.93] (0+/5-) |
| m3_product | 39.10 | 90.57 | 13.42 | 97.41 | +1.21 [+0.77, +1.65] (5+/0-) | -0.38 [-0.45, -0.31] (0+/5-) | -0.82 [-1.09, -0.55] (0+/5-) | +0.14 [+0.12, +0.17] (5+/0-) |
| m3_vis_cauchy | 39.12 | 90.69 | 19.99 | 96.31 | +1.42 [+0.88, +1.96] (5+/0-) | -0.36 [-0.40, -0.31] (0+/5-) | +2.81 [+1.94, +3.68] (5+/0-) | -0.38 [-0.44, -0.32] (0+/5-) |
| m3_vis_hmp | 39.18 | 90.85 | 20.13 | 96.26 | +1.48 [+0.88, +2.08] (5+/0-) | -0.20 [-0.27, -0.12] (0+/5-) | +2.95 [+2.07, +3.82] (5+/0-) | -0.43 [-0.48, -0.37] (0+/5-) |
| m3_vis_product | 37.70 | 91.04 | 17.18 | 96.69 | +0.00 [+0.00, +0.00] (0+/0-) | +0.00 [-0.00, +0.00] (4+/1-) | +0.00 [+0.00, +0.00] (0+/0-) | -0.00 [-0.00, +0.00] (2+/3-) |
| m3_withinview_cauchy | 39.82 | 90.06 | 15.92 | 97.10 | +1.93 [+1.57, +2.29] (5+/0-) | -0.90 [-0.97, -0.83] (0+/5-) | +1.68 [+1.30, +2.05] (5+/0-) | -0.17 [-0.20, -0.14] (0+/5-) |
| m3_withinview_product | 39.68 | 90.19 | 13.32 | 97.43 | +1.79 [+1.32, +2.26] (5+/0-) | -0.76 [-0.87, -0.65] (0+/5-) | -0.93 [-1.24, -0.61] (0+/5-) | +0.16 [+0.13, +0.19] (5+/0-) |
| m4_full_x_maha | 42.66 | 89.58 | 12.28 | 97.55 | +4.77 [+3.94, +5.60] (5+/0-) | -1.37 [-1.42, -1.33] (0+/5-) | -1.96 [-2.72, -1.21] (0+/5-) | +0.28 [+0.22, +0.34] (5+/0-) |
| m4_lp_x_maha | 52.38 | 87.50 | 14.05 | 97.25 | +14.49 [+13.43, +15.55] (5+/0-) | -3.45 [-3.72, -3.19] (0+/5-) | -0.19 [-0.70, +0.31] (2+/3-) | -0.01 [-0.06, +0.03] (1+/4-) |
| m4_maha_only | 60.68 | 81.92 | 13.54 | 97.41 | +22.79 [+21.36, +24.22] (5+/0-) | -9.03 [-9.31, -8.75] (0+/5-) | -0.71 [-1.74, +0.32] (1+/4-) | +0.14 [+0.02, +0.27] (5+/0-) |
| tins | 90.47 | 63.43 | 35.62 | 90.86 | +52.58 [+51.98, +53.18] (5+/0-) | -27.52 [-28.37, -26.67] (0+/5-) | +21.37 [+20.86, +21.89] (5+/0-) | -6.41 [-6.57, -6.25] (0+/5-) |
| v4_full | 37.89 | 90.95 | 14.24 | 97.27 | +0.00 [+0.00, +0.00] (0+/0-) | +0.00 [-0.00, +0.00] (1+/0-) | +0.00 [+0.00, +0.00] (0+/0-) | +0.00 [+0.00, +0.00] (0+/0-) |

## dev2

| variant | near FPR95 | near AUROC | far FPR95 | far AUROC | vs v4 near FPR95 [95% CI] | vs v4 near AUROC | vs v4 far FPR95 | vs v4 far AUROC |
|---|---|---|---|---|---|---|---|---|
| e5_lp_keep_id | 68.23 | 80.07 | 19.32 | 96.28 | +32.63 [+31.30, +33.95] (5+/0-) | -11.24 [-11.90, -10.58] (0+/5-) | +3.80 [+2.50, +5.11] (5+/0-) | -0.87 [-1.04, -0.70] (0+/5-) |
| e5_lp_keep_id_full | 42.84 | 89.04 | 15.08 | 97.21 | +7.24 [+6.33, +8.15] (5+/0-) | -2.28 [-2.49, -2.07] (0+/5-) | -0.43 [-0.71, -0.15] (0+/5-) | +0.06 [+0.05, +0.07] (5+/0-) |
| e5_lp_keep_ood | 47.11 | 89.05 | 20.28 | 96.23 | +11.51 [+11.12, +11.90] (5+/0-) | -2.27 [-2.51, -2.02] (0+/5-) | +4.76 [+3.81, +5.71] (5+/0-) | -0.92 [-1.11, -0.74] (0+/5-) |
| e5_lp_keep_ood_full | 35.15 | 91.57 | 15.39 | 97.12 | -0.45 [-0.75, -0.15] (0+/5-) | +0.26 [+0.22, +0.30] (5+/0-) | -0.12 [-0.59, +0.35] (2+/3-) | -0.03 [-0.04, -0.02] (0+/5-) |
| e5_mem_allood_full | 30.13 | 94.03 | 11.99 | 97.70 | -5.48 [-6.17, -4.79] (0+/5-) | +2.72 [+2.57, +2.86] (5+/0-) | -3.52 [-4.15, -2.89] (0+/5-) | +0.55 [+0.46, +0.64] (5+/0-) |
| e5_mem_pure_full | 33.17 | 91.85 | 12.73 | 97.54 | -2.43 [-2.77, -2.09] (0+/5-) | +0.53 [+0.49, +0.58] (5+/0-) | -2.79 [-3.17, -2.41] (0+/5-) | +0.39 [+0.34, +0.44] (5+/0-) |
| e5_noK_full | 31.33 | 92.05 | 16.90 | 96.85 | -4.27 [-4.67, -3.86] (0+/5-) | +0.74 [+0.65, +0.83] (5+/0-) | +1.39 [+1.12, +1.65] (5+/0-) | -0.30 [-0.34, -0.27] (0+/5-) |
| e5_noK_static | 62.00 | 82.43 | 18.85 | 96.71 | +26.40 [+24.53, +28.27] (5+/0-) | -8.89 [-9.45, -8.32] (0+/5-) | +3.33 [+1.64, +5.02] (5+/0-) | -0.44 [-0.56, -0.32] (0+/5-) |
| m1_bh_all_0.05_full | 49.82 | 87.71 | 16.23 | 96.99 | +14.21 [+13.86, +14.57] (5+/0-) | -3.60 [-3.67, -3.54] (0+/5-) | +0.71 [+0.40, +1.03] (5+/0-) | -0.16 [-0.18, -0.14] (0+/5-) |
| m1_bh_all_0.05_mem | 65.57 | 82.07 | 19.62 | 96.68 | +29.97 [+29.03, +30.92] (5+/0-) | -9.25 [-9.68, -8.81] (0+/5-) | +4.10 [+3.23, +4.97] (5+/0-) | -0.47 [-0.60, -0.34] (0+/5-) |
| m1_bh_all_0.1_full | 49.72 | 87.72 | 16.10 | 97.01 | +14.11 [+13.73, +14.50] (5+/0-) | -3.60 [-3.69, -3.51] (0+/5-) | +0.59 [+0.25, +0.92] (5+/0-) | -0.14 [-0.17, -0.11] (0+/5-) |
| m1_bh_all_0.1_mem | 63.45 | 82.29 | 19.44 | 96.72 | +27.85 [+26.18, +29.53] (5+/0-) | -9.03 [-9.45, -8.61] (0+/5-) | +3.93 [+3.26, +4.59] (5+/0-) | -0.43 [-0.57, -0.29] (0+/5-) |
| m1_bh_all_0.2_full | 47.20 | 88.26 | 15.48 | 97.11 | +11.59 [+10.49, +12.70] (5+/0-) | -3.05 [-3.36, -2.75] (0+/5-) | -0.04 [-0.26, +0.18] (2+/3-) | -0.05 [-0.09, -0.01] (0+/5-) |
| m1_bh_all_0.2_mem | 55.95 | 83.83 | 18.70 | 96.85 | +20.35 [+17.62, +23.08] (5+/0-) | -7.49 [-8.22, -6.75] (0+/5-) | +3.18 [+2.37, +3.99] (5+/0-) | -0.30 [-0.46, -0.14] (0+/5-) |
| m1_bh_last_0.05_full | 45.61 | 88.45 | 15.98 | 97.03 | +10.01 [+8.06, +11.95] (5+/0-) | -2.87 [-3.21, -2.53] (0+/5-) | +0.47 [+0.25, +0.68] (5+/0-) | -0.12 [-0.14, -0.10] (0+/5-) |
| m1_bh_last_0.05_mem | 50.76 | 84.60 | 19.27 | 96.75 | +15.16 [+11.24, +19.08] (5+/0-) | -6.72 [-7.33, -6.11] (0+/5-) | +3.76 [+3.26, +4.25] (5+/0-) | -0.40 [-0.50, -0.30] (0+/5-) |
| m1_bh_last_0.1_full | 41.15 | 89.46 | 15.89 | 97.06 | +5.55 [+4.38, +6.73] (5+/0-) | -1.86 [-2.08, -1.63] (0+/5-) | +0.37 [+0.02, +0.72] (5+/0-) | -0.09 [-0.11, -0.07] (0+/5-) |
| m1_bh_last_0.1_mem | 42.93 | 86.89 | 18.86 | 96.81 | +7.33 [+5.81, +8.84] (5+/0-) | -4.42 [-4.88, -3.96] (0+/5-) | +3.35 [+2.85, +3.84] (5+/0-) | -0.35 [-0.45, -0.24] (0+/5-) |
| m1_bh_last_0.2_full | 37.35 | 90.54 | 15.62 | 97.10 | +1.74 [+1.59, +1.90] (5+/0-) | -0.78 [-0.87, -0.68] (0+/5-) | +0.11 [-0.18, +0.39] (3+/2-) | -0.06 [-0.08, -0.03] (0+/5-) |
| m1_bh_last_0.2_mem | 38.10 | 89.04 | 18.73 | 96.82 | +2.49 [+2.02, +2.97] (5+/0-) | -2.27 [-2.85, -1.69] (0+/5-) | +3.22 [+2.50, +3.93] (5+/0-) | -0.34 [-0.46, -0.21] (0+/5-) |
| m2a_reuse1_full | 35.62 | 91.33 | 15.53 | 97.15 | +0.02 [-0.34, +0.37] (2+/3-) | +0.02 [-0.07, +0.11] (2+/3-) | +0.01 [-0.15, +0.17] (3+/2-) | -0.00 [-0.01, +0.01] (2+/3-) |
| m2a_reuse1_mem | 36.70 | 90.32 | 21.15 | 96.50 | +1.10 [+0.07, +2.12] (5+/0-) | -1.00 [-1.49, -0.50] (0+/5-) | +5.63 [+4.58, +6.68] (5+/0-) | -0.66 [-0.73, -0.59] (0+/5-) |
| m2a_split1_full | 35.76 | 91.31 | 15.41 | 97.15 | +0.16 [-0.07, +0.40] (4+/1-) | -0.01 [-0.02, +0.00] (1+/4-) | -0.10 [-0.25, +0.04] (1+/4-) | +0.00 [-0.01, +0.01] (3+/2-) |
| m2a_split1_mem | 36.70 | 90.28 | 21.17 | 96.50 | +1.10 [+0.08, +2.12] (5+/0-) | -1.04 [-1.45, -0.63] (0+/5-) | +5.65 [+4.65, +6.66] (5+/0-) | -0.65 [-0.78, -0.53] (0+/5-) |
| m3_cauchy | 38.93 | 89.97 | 18.79 | 96.82 | +3.33 [+3.08, +3.57] (5+/0-) | -1.35 [-1.46, -1.23] (0+/5-) | +3.27 [+2.60, +3.94] (5+/0-) | -0.34 [-0.38, -0.29] (0+/5-) |
| m3_hmp | 39.02 | 90.26 | 19.16 | 96.70 | +3.42 [+3.15, +3.68] (5+/0-) | -1.05 [-1.14, -0.96] (0+/5-) | +3.65 [+2.93, +4.37] (5+/0-) | -0.45 [-0.52, -0.38] (0+/5-) |
| m3_pT_only | 91.27 | 60.88 | 35.06 | 90.86 | +55.67 [+54.75, +56.58] (5+/0-) | -30.44 [-30.83, -30.05] (0+/5-) | +19.55 [+19.05, +20.04] (5+/0-) | -6.29 [-6.38, -6.21] (0+/5-) |
| m3_product | 37.16 | 90.77 | 14.52 | 97.28 | +1.56 [+1.22, +1.91] (5+/0-) | -0.54 [-0.59, -0.49] (0+/5-) | -0.99 [-1.33, -0.66] (0+/5-) | +0.13 [+0.11, +0.15] (5+/0-) |
| m3_vis_cauchy | 35.99 | 91.27 | 21.46 | 96.20 | +0.99 [+0.60, +1.37] (5+/0-) | -0.24 [-0.28, -0.19] (0+/5-) | +2.97 [+2.27, +3.67] (5+/0-) | -0.39 [-0.44, -0.35] (0+/5-) |
| m3_vis_hmp | 36.02 | 91.37 | 21.60 | 96.15 | +1.02 [+0.66, +1.37] (5+/0-) | -0.14 [-0.17, -0.11] (0+/5-) | +3.11 [+2.41, +3.82] (5+/0-) | -0.44 [-0.50, -0.38] (0+/5-) |
| m3_vis_product | 35.00 | 91.50 | 18.48 | 96.59 | +0.00 [+0.00, +0.00] (0+/0-) | -0.00 [-0.00, +0.00] (3+/2-) | +0.00 [+0.00, +0.00] (0+/0-) | -0.00 [-0.00, +0.00] (1+/4-) |
| m3_withinview_cauchy | 37.60 | 90.03 | 17.19 | 96.98 | +2.00 [+1.62, +2.37] (5+/0-) | -1.29 [-1.44, -1.13] (0+/5-) | +1.68 [+1.06, +2.29] (5+/0-) | -0.17 [-0.20, -0.15] (0+/5-) |
| m3_withinview_product | 37.78 | 90.31 | 14.45 | 97.28 | +2.18 [+1.83, +2.52] (5+/0-) | -1.00 [-1.09, -0.91] (0+/5-) | -1.06 [-1.50, -0.63] (0+/5-) | +0.13 [+0.10, +0.15] (5+/0-) |
| m4_full_x_maha | 40.23 | 89.99 | 13.19 | 97.42 | +4.63 [+4.18, +5.07] (5+/0-) | -1.32 [-1.40, -1.25] (0+/5-) | -2.33 [-3.18, -1.47] (0+/5-) | +0.27 [+0.19, +0.34] (5+/0-) |
| m4_lp_x_maha | 49.28 | 87.71 | 14.70 | 97.11 | +13.68 [+13.37, +13.99] (5+/0-) | -3.60 [-3.71, -3.50] (0+/5-) | -0.81 [-1.31, -0.32] (0+/5-) | -0.05 [-0.13, +0.03] (1+/4-) |
| m4_maha_only | 59.39 | 81.61 | 14.10 | 97.25 | +23.79 [+22.40, +25.18] (5+/0-) | -9.71 [-10.10, -9.31] (0+/5-) | -1.41 [-2.50, -0.33] (0+/5-) | +0.10 [-0.04, +0.24] (4+/1-) |
| tins | 91.38 | 60.73 | 36.70 | 90.47 | +55.78 [+54.81, +56.74] (5+/0-) | -30.58 [-30.97, -30.20] (0+/5-) | +21.18 [+20.62, +21.74] (5+/0-) | -6.68 [-6.76, -6.60] (0+/5-) |
| v4_full | 35.60 | 91.32 | 15.52 | 97.15 | +0.00 [+0.00, +0.00] (0+/0-) | +0.00 [-0.00, +0.00] (3+/1-) | +0.00 [+0.00, +0.00] (0+/0-) | +0.00 [+0.00, +0.00] (0+/0-) |

