# Streams (E2 ratio / class x count, E3 temporal, E4 delayed, E5-like, batch size); one order per draw

## dev1

| stream | OOD | s_lp near-type FPR95 | s_full FPR95 | full - lp FPR95 [95% CI] | full - lp AUROC | full - single FPR95 | ID adm. % | OOD adm. % | Pr(pt3<=0.1 \| ID) | final memory ID share |
|---|---|---|---|---|---|---|---|---|---|---|
| E2_ratio01 | 100/10000 | 63.00 | 62.00 | -1.00 [-3.48, +1.48] (2+/3-) | +0.25 [-0.34, +0.84] (3+/2-) | -0.60 [-1.28, +0.08] (0+/3-) | 10.0 | 36.8 | 0.101 | 0.964 |
| E2_ratio02 | 200/10000 | 67.60 | 62.70 | -4.90 [-7.55, -2.25] (0+/5-) | +1.82 [+1.26, +2.39] (5+/0-) | -1.50 [-3.94, +0.94] (1+/4-) | 9.9 | 41.5 | 0.099 | 0.921 |
| E2_ratio05 | 500/10000 | 72.20 | 60.96 | -11.24 [-13.03, -9.45] (0+/5-) | +2.86 [+2.39, +3.32] (5+/0-) | +0.20 [-0.68, +1.08] (3+/2-) | 9.5 | 50.1 | 0.098 | 0.783 |
| E2_ratio10 | 1000/10000 | 71.38 | 55.20 | -16.18 [-17.23, -15.13] (0+/5-) | +3.29 [+2.94, +3.64] (5+/0-) | -2.12 [-2.81, -1.43] (0+/5-) | 9.8 | 57.4 | 0.100 | 0.607 |
| E2_ratio25 | 2500/10000 | 60.56 | 42.99 | -17.57 [-19.10, -16.04] (0+/5-) | +3.48 [+3.15, +3.80] (5+/0-) | -4.60 [-6.01, -3.19] (0+/5-) | 9.8 | 68.5 | 0.101 | 0.301 |
| E2_ratio50 | 5000/10000 | 50.35 | 35.48 | -14.87 [-15.80, -13.93] (0+/5-) | +2.51 [+2.33, +2.69] (5+/0-) | -5.24 [-7.14, -3.33] (0+/5-) | 10.0 | 74.7 | 0.101 | 0.119 |
| E2_cls100x5 | 500/10000 | 72.20 | 60.96 | -11.24 [-13.03, -9.45] (0+/5-) | +2.86 [+2.39, +3.32] (5+/0-) | +0.20 [-0.68, +1.08] (3+/2-) | 9.5 | 50.1 | 0.098 | 0.783 |
| E2_cls50x10 | 500/10000 | 68.04 | 49.16 | -18.88 [-21.32, -16.44] (0+/5-) | +4.20 [+3.72, +4.67] (5+/0-) | -1.44 [-3.83, +0.95] (1+/3-) | 9.5 | 62.5 | 0.098 | 0.743 |
| E2_cls25x20 | 500/10000 | 65.00 | 47.12 | -17.88 [-19.95, -15.81] (0+/5-) | +3.21 [+2.83, +3.58] (5+/0-) | -4.48 [-6.60, -2.36] (0+/5-) | 9.6 | 62.5 | 0.097 | 0.744 |
| E2_cls10x50 | 500/10000 | 44.48 | 26.68 | -17.80 [-21.08, -14.52] (0+/5-) | +3.35 [+2.45, +4.24] (5+/0-) | -4.80 [-7.49, -2.11] (0+/5-) | 9.6 | 79.8 | 0.097 | 0.696 |
| E3_idburst | 1000/10000 | 75.12 | 57.30 | -17.82 [-20.19, -15.45] (0+/5-) | +7.84 [+7.48, +8.20] (5+/0-) | -1.72 [-2.60, -0.84] (0+/5-) | 8.7 | 58.7 | 0.097 | 0.572 |
| E3_idfirst | 1000/10000 | 70.42 | 63.44 | -6.98 [-7.99, -5.97] (0+/5-) | +1.81 [+1.47, +2.14] (5+/0-) | +2.36 [+0.76, +3.96] (5+/0-) | 9.9 | 47.4 | 0.100 | 0.653 |
| E3_pseudoburst | 1000/11000 | 61.80 | 59.90 | -1.90 [-4.33, +0.53] (1+/4-) | +1.88 [+1.18, +2.59] (5+/0-) | -0.04 [-1.36, +1.28] (2+/3-) | 10.3 | 47.6 | 0.101 | 0.684 |
| E3_mixall | 2000/11000 | 45.76 | 35.95 | -9.81 [-10.59, -9.03] (0+/5-) | +1.99 [+1.79, +2.18] (5+/0-) | -0.26 [-1.07, +0.55] (2+/3-) | 9.9 | 67.1 | 0.101 | 0.398 |
| E3_random_ref | 1000/10000 | 71.38 | 55.20 | -16.18 [-17.23, -15.13] (0+/5-) | +3.29 [+2.94, +3.64] (5+/0-) | -2.12 [-2.81, -1.43] (0+/5-) | 9.8 | 57.4 | 0.100 | 0.607 |
| E4_delayed | 1000/10000 | 71.24 | 56.44 | -14.80 [-16.40, -13.20] (0+/5-) | +3.10 [+2.64, +3.57] (5+/0-) | -0.58 [-1.92, +0.76] (1+/3-) | 9.8 | 55.0 | 0.100 | 0.616 |
| S_batch16 | 5000/23000 | 50.80 | 38.31 | -12.49 [-14.25, -10.72] (0+/3-) | +2.72 [+2.51, +2.92] (3+/0-) | -3.75 [-5.81, -1.70] (0+/3-) | 10.0 | 67.8 | 0.100 | 0.347 |
| S_batch64 | 5000/23000 | 50.91 | 38.33 | -12.58 [-14.53, -10.63] (0+/3-) | +2.69 [+2.51, +2.86] (3+/0-) | -3.83 [-6.31, -1.34] (0+/3-) | 10.0 | 67.8 | 0.100 | 0.347 |
| S_batch256 | 5000/23000 | 50.66 | 38.43 | -12.23 [-13.25, -11.20] (0+/3-) | +2.61 [+2.38, +2.85] (3+/0-) | -3.66 [-5.68, -1.64] (0+/3-) | 10.0 | 67.7 | 0.100 | 0.347 |
| S_batch1024 | 5000/23000 | 49.89 | 38.77 | -11.12 [-12.36, -9.88] (0+/3-) | +2.30 [+2.11, +2.50] (3+/0-) | -3.57 [-5.49, -1.64] (0+/3-) | 10.0 | 67.3 | 0.100 | 0.348 |
| E5_ssblike | 5000/9500 | 48.15 | 34.74 | -13.41 [-14.17, -12.65] (0+/5-) | +2.49 [+2.23, +2.75] (5+/0-) | -5.28 [-6.44, -4.13] (0+/5-) | 10.2 | 75.2 | 0.104 | 0.108 |
| E5_nincolike | 2000/20000 | 54.37 | 40.40 | -13.97 [-14.64, -13.30] (0+/5-) | +3.42 [+3.07, +3.77] (5+/0-) | -6.71 [-8.80, -4.62] (0+/5-) | 9.9 | 67.2 | 0.100 | 0.569 |
| M3_places | 2740/20740 | 38.01 | 31.10 | -6.91 [-8.10, -5.72] (0+/5-) | +1.34 [+1.15, +1.53] (5+/0-) | -0.93 [-1.56, -0.31] (0+/5-) | 9.7 | 60.5 | 0.098 | 0.514 |

## dev2

| stream | OOD | s_lp near-type FPR95 | s_full FPR95 | full - lp FPR95 [95% CI] | full - lp AUROC | full - single FPR95 | ID adm. % | OOD adm. % | Pr(pt3<=0.1 \| ID) | final memory ID share |
|---|---|---|---|---|---|---|---|---|---|---|
| E2_ratio01 | 100/10000 | 68.00 | 63.00 | -5.00 [-8.93, -1.07] (0+/5-) | +2.95 [+1.92, +3.98] (5+/0-) | +0.20 [-1.16, +1.56] (1+/1-) | 9.8 | 44.6 | 0.098 | 0.956 |
| E2_ratio02 | 200/10000 | 68.20 | 62.40 | -5.80 [-8.60, -3.00] (0+/5-) | +3.65 [+2.69, +4.61] (5+/0-) | -0.20 [-1.76, +1.36] (1+/2-) | 9.2 | 45.3 | 0.094 | 0.908 |
| E2_ratio05 | 500/10000 | 72.88 | 61.60 | -11.28 [-14.11, -8.45] (0+/5-) | +3.48 [+2.76, +4.19] (5+/0-) | +0.32 [-0.28, +0.92] (3+/1-) | 9.7 | 52.6 | 0.097 | 0.777 |
| E2_ratio10 | 1000/10000 | 70.42 | 54.58 | -15.84 [-17.02, -14.66] (0+/5-) | +4.02 [+3.40, +4.65] (5+/0-) | -1.66 [-3.13, -0.19] (0+/5-) | 9.8 | 61.4 | 0.100 | 0.591 |
| E2_ratio25 | 2500/10000 | 56.70 | 40.19 | -16.51 [-17.36, -15.67] (0+/5-) | +3.77 [+3.43, +4.11] (5+/0-) | -4.80 [-5.54, -4.06] (0+/5-) | 10.0 | 72.3 | 0.102 | 0.293 |
| E2_ratio50 | 5000/10000 | 44.58 | 33.35 | -11.22 [-12.27, -10.18] (0+/5-) | +2.57 [+2.29, +2.85] (5+/0-) | -5.95 [-6.71, -5.19] (0+/5-) | 10.1 | 77.7 | 0.103 | 0.115 |
| E2_cls100x5 | 500/10000 | 72.88 | 61.60 | -11.28 [-14.11, -8.45] (0+/5-) | +3.48 [+2.76, +4.19] (5+/0-) | +0.32 [-0.28, +0.92] (3+/1-) | 9.7 | 52.6 | 0.097 | 0.777 |
| E2_cls50x10 | 500/10000 | 67.44 | 51.40 | -16.04 [-18.20, -13.88] (0+/5-) | +3.59 [+2.68, +4.49] (5+/0-) | -2.76 [-4.86, -0.66] (0+/5-) | 9.5 | 63.1 | 0.097 | 0.742 |
| E2_cls25x20 | 500/10000 | 59.44 | 38.20 | -21.24 [-23.74, -18.74] (0+/5-) | +4.86 [+4.42, +5.29] (5+/0-) | -6.04 [-8.33, -3.75] (0+/5-) | 9.6 | 71.8 | 0.098 | 0.717 |
| E2_cls10x50 | 500/10000 | 46.44 | 29.60 | -16.84 [-20.76, -12.92] (0+/5-) | +5.27 [+4.64, +5.90] (5+/0-) | -7.80 [-11.83, -3.77] (0+/5-) | 9.5 | 79.5 | 0.096 | 0.695 |
| E3_idburst | 1000/10000 | 75.18 | 55.40 | -19.78 [-21.83, -17.73] (0+/5-) | +8.59 [+8.13, +9.05] (5+/0-) | -1.94 [-3.18, -0.70] (0+/5-) | 8.7 | 62.0 | 0.095 | 0.557 |
| E3_idfirst | 1000/10000 | 69.86 | 61.42 | -8.44 [-10.40, -6.48] (0+/5-) | +2.49 [+1.80, +3.18] (5+/0-) | +2.12 [+0.71, +3.53] (5+/0-) | 9.9 | 52.0 | 0.099 | 0.631 |
| E3_pseudoburst | 1000/11000 | 56.50 | 53.18 | -3.32 [-7.04, +0.40] (0+/5-) | +0.94 [+0.63, +1.26] (5+/0-) | -0.62 [-1.27, +0.03] (1+/4-) | 9.5 | 50.2 | 0.099 | 0.654 |
| E3_mixall | 2000/11000 | 46.00 | 35.97 | -10.03 [-11.28, -8.78] (0+/5-) | +2.38 [+2.07, +2.70] (5+/0-) | -0.55 [-1.67, +0.57] (2+/3-) | 10.0 | 69.2 | 0.101 | 0.393 |
| E3_random_ref | 1000/10000 | 70.42 | 54.58 | -15.84 [-17.02, -14.66] (0+/5-) | +4.02 [+3.40, +4.65] (5+/0-) | -1.66 [-3.13, -0.19] (0+/5-) | 9.8 | 61.4 | 0.100 | 0.591 |
| E4_delayed | 1000/10000 | 70.14 | 54.46 | -15.68 [-17.03, -14.33] (0+/5-) | +4.03 [+3.32, +4.75] (5+/0-) | -1.54 [-2.68, -0.40] (0+/5-) | 9.8 | 59.8 | 0.099 | 0.597 |
| E5_ssblike | 5000/9500 | 45.56 | 32.95 | -12.61 [-13.50, -11.72] (0+/5-) | +2.66 [+2.41, +2.92] (5+/0-) | -6.23 [-7.60, -4.87] (0+/5-) | 10.0 | 78.6 | 0.102 | 0.103 |
| E5_nincolike | 2000/20000 | 46.56 | 33.47 | -13.09 [-13.88, -12.30] (0+/5-) | +2.98 [+2.48, +3.49] (5+/0-) | -6.78 [-8.24, -5.32] (0+/5-) | 9.8 | 73.4 | 0.099 | 0.547 |
| M3_places | 2760/20760 | 43.17 | 34.59 | -8.59 [-10.02, -7.15] (0+/5-) | +1.90 [+1.66, +2.14] (5+/0-) | -1.79 [-2.40, -1.18] (0+/5-) | 9.8 | 62.0 | 0.099 | 0.508 |

