/home/omote/reprise_p4_20260928/code/engine.py:85: UserWarning: Sparse CSR tensor support is in beta state. If you miss a functionality in the sparse tensor support, please submit a feature request to https://github.com/pytorch/pytorch/issues. (Triggered internally at ../aten/src/ATen/SparseCsrTensorImpl.cpp:53.)
  return torch.sparse_coo_tensor(torch.stack([r, c]), wn.double(), (n, n)).coalesce().to_sparse_csr()
{
 "utc": "2026-09-28T04:02:51Z",
 "n_prefix": 9216,
 "REPRISE": {
  "prefix_vs_full_max": 0.0019743343037177397,
  "prefix_vs_full_frac_nonzero": 0.0005425347222222222,
  "prefix_vs_prefix_max": 0.00046392949103957193,
  "prefix_vs_prefix_frac_nonzero": 0.00043402777777777775
 },
 "static_pLP": {
  "prefix_vs_full_max": 0.0019743343037177397,
  "prefix_vs_full_frac_nonzero": 0.0005425347222222222,
  "prefix_vs_prefix_max": 0.00046392949103868375,
  "prefix_vs_prefix_frac_nonzero": 0.00043402777777777775
 },
 "best": {
  "prefix_vs_full_max": 2.2116418097795076e-05,
  "prefix_vs_full_frac_nonzero": 1.0,
  "prefix_vs_prefix_max": 1.6966526420247874e-05,
  "prefix_vs_prefix_frac_nonzero": 1.0
 },
 "pLP": {
  "prefix_vs_full_max": 0.0019743343037177397,
  "prefix_vs_full_frac_nonzero": 0.0005425347222222222,
  "prefix_vs_prefix_max": 0.00046392949103957193,
  "prefix_vs_prefix_frac_nonzero": 0.00043402777777777775
 },
 "Mpt": {
  "prefix_vs_full_max": 0.0,
  "prefix_vs_full_frac_nonzero": 0.0,
  "prefix_vs_prefix_max": 0.0,
  "prefix_vs_prefix_frac_nonzero": 0.0
 }
}
