== fourood fourood: top 40 by FPR95 ==
L14+D3B+D3L|q0.05|kn5|nn0|a0.0|TINS               99.11 /   3.04
L14+D3B+D3L|q0.05|kn10|nn0|a0.0|TINS              99.11 /   3.07
L14+D3B+D3L|q0.05|kn10|nn1|a0.0|TINS              99.12 /   3.07
L14+D3B+D3L|q0.05|kn5|nn1|a0.0|TINS               99.12 /   3.08
L14xD3L+D3L|q0.05|kn10|nn0|a0.0|TINS              99.05 /   3.19
B14+L14+D3L|q0.05|kn5|nn0|a0.0|TINS               99.06 /   3.21
B14+L14+D3L|q0.05|kn10|nn0|a0.0|TINS              99.07 /   3.22
L14+D3L|q0.05|kn10|nn0|a0.0|TINS                  99.08 /   3.22
L14+D3L|q0.05|kn5|nn0|a0.0|TINS                   99.06 /   3.24
L14+D3B+D3L|q0.1|kn5|nn0|a0.0|TINS                99.12 /   3.26
L14+D3B+D3L|q0.05|kn0|nn1|a0.0|TINS               99.06 /   3.27
L14+D3B+D3L|q0.1|kn10|nn0|a0.0|TINS               99.12 /   3.27
L14+D3L|q0.05|kn10|nn1|a0.0|TINS                  99.07 /   3.28
L14xD3L+D3L|q0.05|kn5|nn0|a0.0|TINS               99.04 /   3.28
L14+D3B+D3L|q0.05|kn5|nn0|a0.5|TINS               99.05 /   3.28
B14+L14+D3L|q0.05|kn5|nn1|a0.0|TINS               99.06 /   3.28
L14xD3L+D3L|q0.05|kn10|nn1|a0.0|TINS              99.04 /   3.28
L14+D3B+D3L|q0.05|kn10|nn0|a0.5|TINS              99.05 /   3.28
B14+L14+D3L|q0.05|kn10|nn1|a0.0|TINS              99.07 /   3.29
L14+D3L|q0.05|kn5|nn1|a0.0|TINS                   99.06 /   3.31
L14xD3L+D3L|q0.05|kn5|nn1|a0.0|TINS               99.03 /   3.34
L14xD3L+D3L|q0.1|kn10|nn0|a0.0|TINS               99.07 /   3.36
L14+D3B+D3L|q0.05|kn5|nn1|a0.5|TINS               99.06 /   3.37
L14+D3B+D3L|q0.1|kn10|nn1|a0.0|TINS               99.13 /   3.38
L14xD3L+D3L|q0.05|kn10|nn0|a0.5|TINS              99.00 /   3.38
L14+D3B+D3L|q0.05|kn10|nn1|a0.5|TINS              99.06 /   3.38
L14+D3B+D3L|q0.05|kn10|nn1|a0.0|none              99.03 /   3.39
L14+D3B+D3L|q0.1|kn5|nn1|a0.0|TINS                99.12 /   3.39
L14xD3L+D3L|q0.1|kn5|nn0|a0.0|TINS                99.06 /   3.42
L14+D3B+D3L|q0.05|kn5|nn1|a0.0|none               99.02 /   3.42
L14+D3L|q0.1|kn10|nn0|a0.0|TINS                   99.08 /   3.43
L14+D3L|q0.05|kn0|nn1|a0.0|TINS                   99.03 /   3.43
L14xD3L+D3L|q0.05|kn5|nn0|a0.5|TINS               98.99 /   3.44
B14+L14+D3L|q0.05|kn5|nn0|a0.5|TINS               99.00 /   3.44
B14+L14+D3L|q0.05|kn10|nn0|a0.5|TINS              99.00 /   3.46
B14+L14+D3L|q0.05|kn0|nn1|a0.0|TINS               99.01 /   3.46
L14xD3L+D3L|q0.05|kn10|nn1|a0.5|TINS              98.99 /   3.46
L14+D3L|q0.05|kn10|nn0|a0.5|TINS                  99.00 /   3.48
L14+D3B+D3L|q0.05|kn0|nn1|a0.5|TINS               99.01 /   3.48
L14+D3L|q0.1|kn5|nn0|a0.0|TINS                    99.07 /   3.49

== openood near: top 40 by FPR95 ==
L14xD3L+D3L|q0.1|kn5|nn0|a0.0|TINS                98.04 /  10.21
L14xD3L+D3L|q0.1|kn5|nn0|a0.5|TINS                98.06 /  10.29
L14xD3L+D3L|q0.1|kn10|nn0|a0.0|TINS               98.06 /  10.30
L14xD3L+D3L|q0.05|kn10|nn1|a0.0|TINS              97.94 /  10.41
L14xD3L+D3L|q0.1|kn10|nn0|a0.5|TINS               98.06 /  10.42
L14xD3L+D3L|q0.1|kn5|nn0|a1.0|TINS                98.05 /  10.42
L14xD3L+D3L|q0.05|kn5|nn1|a0.0|TINS               97.94 /  10.45
L14xD3L+D3L|q0.1|kn10|nn1|a0.5|TINS               98.07 /  10.46
L14xD3L+D3L|q0.1|kn10|nn1|a0.0|TINS               98.07 /  10.47
L14+D3L|q0.05|kn10|nn1|a0.0|TINS                  97.91 /  10.48
L14+D3L|q0.1|kn5|nn0|a0.0|TINS                    98.02 /  10.50
L14xD3L+D3L|q0.05|kn5|nn0|a0.0|TINS               97.92 /  10.54
L14+D3B+D3L|q0.1|kn5|nn0|a0.0|TINS                98.02 /  10.56
L14+D3L|q0.05|kn5|nn1|a0.0|TINS                   97.90 /  10.56
L14+D3B+D3L|q0.1|kn10|nn1|a0.0|TINS               98.08 /  10.57
L14+D3L|q0.1|kn10|nn0|a0.0|TINS                   98.04 /  10.57
L14xD3L+D3L|q0.05|kn10|nn0|a0.0|TINS              97.92 /  10.59
L14xD3L+D3L|q0.1|kn5|nn1|a0.5|TINS                98.05 /  10.60
L14+D3L|q0.1|kn10|nn1|a0.0|TINS                   98.06 /  10.61
L14xD3L+D3L|q0.1|kn10|nn0|a1.0|TINS               98.04 /  10.63
L14xD3L+D3L|q0.1|kn5|nn1|a0.0|TINS                98.03 /  10.63
L14xD3L+D3L|q0.1|kn10|nn1|a1.0|TINS               98.04 /  10.64
L14xD3L+D3L|q0.05|kn5|nn0|a0.5|TINS               97.92 /  10.66
L14xD3L+D3L|q0.05|kn10|nn1|a0.5|TINS              97.93 /  10.68
L14xD3L+D3L|q0.05|kn5|nn1|a0.5|TINS               97.93 /  10.71
L14+D3B+D3L|q0.05|kn10|nn1|a0.0|TINS              97.85 /  10.72
L14+D3B+D3L|q0.1|kn10|nn0|a0.0|TINS               98.02 /  10.72
L14+D3B+D3L|q0.1|kn5|nn1|a0.0|TINS                98.05 /  10.75
L14+D3B+D3L|q0.05|kn5|nn1|a0.0|TINS               97.85 /  10.76
L14xD3L+D3L|q0.1|kn5|nn1|a1.0|TINS                98.02 /  10.76
L14+D3L|q0.1|kn5|nn1|a0.0|TINS                    98.03 /  10.77
L14+D3L|q0.1|kn5|nn0|a0.5|TINS                    98.01 /  10.77
L14+D3L|q0.05|kn5|nn0|a0.0|TINS                   97.87 /  10.78
L14xD3L+D3L|q0.05|kn10|nn0|a0.5|TINS              97.92 /  10.79
B14+L14+D3L|q0.1|kn5|nn0|a0.0|TINS                97.97 /  10.80
B14+L14+D3L|q0.1|kn10|nn1|a0.0|TINS               98.01 /  10.81
L14xD3L+D3L|q0.05|kn5|nn0|a1.0|TINS               97.91 /  10.83
L14+D3L|q0.05|kn10|nn0|a0.0|TINS                  97.87 /  10.84
L14+D3B+D3L|q0.1|kn10|nn1|a0.5|TINS               98.04 /  10.87
L14+D3B+D3L|q0.1|kn5|nn0|a0.5|TINS                98.00 /  10.87

== openood far: top 40 by FPR95 ==
L14+D3B+D3L|q0.05|kn0|nn1|a0.0|TINS               99.20 /   3.86
B14+L14+D3L|q0.05|kn0|nn1|a0.0|TINS               99.16 /   3.89
L14xD3L+D3L|q0.05|kn10|nn1|a0.0|TINS              99.15 /   3.89
L14+D3L|q0.05|kn0|nn1|a0.0|TINS                   99.16 /   3.91
L14+D3B+D3L|q0.05|kn5|nn1|a0.0|TINS               99.21 /   3.94
L14+D3B+D3L|q0.05|kn10|nn1|a0.0|TINS              99.20 /   3.95
L14xD3L+D3L|q0.05|kn0|nn1|a0.0|TINS               99.14 /   3.95
L14xD3L+D3L|q0.05|kn5|nn1|a0.0|TINS               99.15 /   3.96
L14+D3L|q0.05|kn5|nn1|a0.0|TINS                   99.15 /   3.98
L14+D3L|q0.05|kn10|nn1|a0.0|TINS                  99.14 /   3.98
B14+L14+D3L|q0.05|kn5|nn1|a0.0|TINS               99.16 /   3.99
L14xD3L+D3L|q0.05|kn0|nn1|a0.5|TINS               99.11 /   4.01
L14xD3L+D3L|q0.05|kn10|nn1|a0.5|TINS              99.09 /   4.03
L14+D3B+D3L|q0.1|kn0|nn1|a0.0|TINS                99.17 /   4.05
L14xD3L+D3L|q0.05|kn5|nn1|a0.5|TINS               99.10 /   4.05
B14+L14+D3L|q0.05|kn10|nn1|a0.0|TINS              99.15 /   4.06
L14+D3B+D3L|q0.1|kn10|nn1|a0.0|TINS               99.17 /   4.06
L14+D3B+D3L|q0.1|kn5|nn1|a0.0|TINS                99.18 /   4.07
L14+D3B+D3L|q0.05|kn0|nn1|a0.5|TINS               99.14 /   4.09
L14xD3L+D3L|q0.05|kn10|nn0|a0.0|TINS              99.04 /   4.10
L14xD3L+D3L|q0.05|kn5|nn0|a0.0|TINS               99.05 /   4.13
B14+L14+D3L|q0.05|kn0|nn1|a0.5|TINS               99.11 /   4.14
L14+D3B+D3L|q0.05|kn5|nn0|a0.0|TINS               99.10 /   4.16
L14xD3L+D3L|q0.1|kn10|nn1|a0.0|TINS               99.10 /   4.16
L14+D3B+D3L|q0.05|kn5|nn1|a0.0|none               99.13 /   4.18
L14+D3L|q0.05|kn5|nn0|a0.0|TINS                   99.06 /   4.18
L14xD3L+D3L|q0.1|kn0|nn1|a0.0|TINS                99.10 /   4.19
L14xD3L+D3L|q0.05|kn0|nn1|a1.0|TINS               99.07 /   4.20
L14xD3L+D3L|q0.05|kn10|nn1|a1.0|TINS              99.04 /   4.21
L14xD3L+D3L|q0.05|kn5|nn1|a1.0|TINS               99.05 /   4.22
L14xD3L+D3L|q0.1|kn5|nn1|a0.0|TINS                99.10 /   4.22
L14xD3L+D3L|q0.05|kn10|nn0|a0.5|TINS              98.99 /   4.22
L14xD3L+D3L|q0.1|kn10|nn0|a0.0|TINS               99.03 /   4.23
L14+D3L|q0.1|kn0|nn1|a0.0|TINS                    99.11 /   4.23
L14+D3B+D3L|q0.05|kn10|nn1|a0.0|none              99.12 /   4.23
L14+D3L|q0.05|kn10|nn0|a0.0|TINS                  99.04 /   4.24
L14xD3L+D3L|q0.05|kn5|nn0|a0.5|TINS               99.00 /   4.25
L14+D3B+D3L|q0.1|kn5|nn0|a0.0|TINS                99.11 /   4.25
L14xD3L+D3L|q0.1|kn5|nn0|a0.0|TINS                99.04 /   4.27
L14+D3L|q0.1|kn10|nn1|a0.0|TINS                   99.09 /   4.28

AN11D_DONE
